native-fixture-entry
native-loader-roots obsolete=000000000e7a9000 new=000000000dfd5000
Iabcdefghijkkl[("ap-local-cache", 0, 2147549235, 242913280, 3328, 1974748653749254, 3078, 8, 40)][("ap-variable-mtrr", 0, 0, 2147483648, 1097364146176)][("ap-variable-mtrr", 0, 1, 824633720832, 962072676352)][("ap-variable-mtrr", 0, 2, 0, 0)][("ap-variable-mtrr", 0, 3, 0, 0)][("ap-variable-mtrr", 0, 4, 0, 0)][("ap-variable-mtrr", 0, 5, 0, 0)][("ap-variable-mtrr", 0, 6, 0, 0)][("ap-variable-mtrr", 0, 7, 0, 0)][("ap-local-cache", 1, 2147549235, 264245248, 3328, 1974748653749254, 3078, 8, 40)][("ap-variable-mtrr", 1, 0, 2147483648, 1097364146176)][("ap-variable-mtrr", 1, 1, 824633720832, 962072676352)][("ap-variable-mtrr", 1, 2, 0, 0)][("ap-variable-mtrr", 1, 3, 0, 0)][("ap-variable-mtrr", 1, 4, 0, 0)][("ap-variable-mtrr", 1, 5, 0, 0)][("ap-variable-mtrr", 1, 6, 0, 0)][("ap-variable-mtrr", 1, 7, 0, 0)]Rnative-smp-activation-installed count=0000000000000002 pool=000000000d800000 bytes=0000000000200000
native-fixture-post-ready-allocator
native-guest-startup-page=000000000009d000
native-loader-table-crc-pass
native-loader-failed-ebs-inactive
[("native-bsp-initial-icr", 804487)]Cresident-init-redirect-ready cpu=0000000000000001
Eresident-ack
[("native-ap-owned-root", 1, 234426368)]Cresident-init-redirect-ready cpu=0000000000000000
Eresident-ack
native-loader-bsp-icr before=0000000000004687 after=00000000000c4687
loader-abi result=0000000000000000
native-loader-success-cpu-abi-pass
native-loader-after-all-ebs-events
native-smp-activation-after-ebs
native-smp-activation-pool-retained
native-smp-activation-return status=0000000000000000
native-smp-activation-all-guests mask=0000000000000003
native-smp-repeat-refused
native-fixture-counts exits=000000000000000c cpuid=0000000000000005 msr=0000000000000005
native-loader-obsolete-root-reclaimed
native-fixture-counts exits=000000000000000d cpuid=0000000000000006 msr=0000000000000005
native-smp-activation-runtime-time
native-fixture-counts exits=000000000000000e cpuid=0000000000000007 msr=0000000000000005
native-fixture-after-virtual-map
native-loader-nonidentity-runtime-no-alias
native-guest-before-init cpu=0000000000000001 generation=0000000000000001
resident-physical-init cpu=0000000000000001 rip=000000000dbb014c count=0000000000000001 sx-acks=0000000000000001 tpr=0000000000000000 irr-f1=0000000000000000 isr-f1=0000000000000000 tpr-after=0000000000000000 irr-f1-after=0000000000000000 isr-f1-after=0000000000000000
resident-guest-init cpu=0000000000000001 kick-acks=0000000000000002
resident-guest-sipi cpu=0000000000000001 vector=000000000000009d
resident-guest-sipi-ignored cpu=0000000000000001
resident-physical-init cpu=0000000000000001 rip=000000000009d2b8 count=0000000000000002 sx-acks=0000000000000003 tpr=00000000000000f0 irr-f1=0000000000000000 isr-f1=0000000000000000 tpr-after=00000000000000f0 irr-f1-after=0000000000000000 isr-f1-after=0000000000000000
resident-guest-sipi-ignored cpu=0000000000000001
native-guest-init-deassert-pass cpu=0000000000000001 generation=0000000000000001
native-guest-debug-reset-pass cpu=0000000000000001 generation=0000000000000001
native-guest-restart-pass cpu=0000000000000001 generation=0000000000000001
native-guest-before-init cpu=0000000000000001 generation=0000000000000002
resident-physical-init cpu=0000000000000001 rip=000000000009d2b8 count=0000000000000003 sx-acks=0000000000000004 tpr=00000000000000f0 irr-f1=0000000000000000 isr-f1=0000000000000000 tpr-after=00000000000000f0 irr-f1-after=0000000000000000 isr-f1-after=0000000000000000
resident-guest-init cpu=0000000000000001 kick-acks=0000000000000004
resident-guest-sipi cpu=0000000000000001 vector=000000000000009d
resident-physical-init cpu=0000000000000001 rip=0000000000000000 count=0000000000000004 sx-acks=0000000000000006 tpr=0000000000000000 irr-f1=0000000000000000 isr-f1=0000000000000000 tpr-after=0000000000000000 irr-f1-after=0000000000000000 isr-f1-after=0000000000000000
resident-guest-sipi-ignored cpu=0000000000000001
resident-physical-init cpu=0000000000000001 rip=000000000009d2b8 count=0000000000000005 sx-acks=0000000000000007 tpr=00000000000000f0 irr-f1=0000000000000000 isr-f1=0000000000000000 tpr-after=00000000000000f0 irr-f1-after=0000000000000000 isr-f1-after=0000000000000000
resident-guest-sipi-ignored cpu=0000000000000001
native-guest-init-deassert-pass cpu=0000000000000001 generation=0000000000000002
native-guest-debug-reset-pass cpu=0000000000000001 generation=0000000000000002
native-guest-restart-pass cpu=0000000000000001 generation=0000000000000002
native-guest-resettable-state-pass cpu=0000000000000001
PASS native-guest-startup-repeat
native-cache-fixture-physical slot=0000000000000000 cap=0000000000000508 def=0000000000000c06 pat=0007040600070406
native-cache-fixture-bank slot=0000000000000000 admitted=0000000000000001
native-cache-fixture-physical slot=0000000000000001 cap=0000000000000508 def=0000000000000c06 pat=0007040600070406
native-cache-fixture-bank slot=0000000000000001 admitted=0000000000000001
native-cache-paired-before
native-cache-hwcr-modeled-backend
native-cache-hwcr-isolation-pass
PASS native-cache-hwcr-three-generations
PASS native-cache-paired-physical-stable
