Open On-Chip Debugger 0.10.0+dev-01293-g7c88e76a-dirty (2020-07-02-19:28)
Licensed under GNU GPL v2
For bug reports, read
	http://openocd.org/doc/doxygen/bugs.html
Info : auto-selecting first available session transport "jtag". To override use 'transport select <transport>'.
Info : clock speed 1000 kHz
Info : JTAG tap: xc7.tap tap/device found: 0x0362d093 (mfg: 0x049 (Xilinx), part: 0x362d, ver: 0x0)
Warn : gdb services need one or more targets defined
SNAPSHOT:01DA18E7000000000000000000000000000000000000000000000000000000000000000000000000F2E3ABB0B289C02427DDEF70674522CC0200000150414E53
SNAPSHOT:FE1B5371000EB499000018CC000001AD01000001000000050000001800080013000000356FD0B553F2E3ABB0B289C02427DDEF70674522CC0200000150414E53
SNAPSHOT:FE1B5371000EB499000018CC000001AD01000001000000050000001800080013000000356FD0B553F2E3ABB0B289C02427DDEF70674522CC0200000150414E53
SNAPSHOT:FE1B5371000EB499000018CC000001AD01000001000000050000001800080013000000356FD0B553F2E3ABB0B289C02427DDEF70674522CC0200000150414E53
SNAPSHOT:FE1B5371000EB499000018CC000001AD01000001000000050000001800080013000000356FD0B553F2E3ABB0B289C02427DDEF70674522CC0200000150414E53
SNAPSHOT:FE1B5371000EB499000018CC000001AD01000001000000050000001800080013000000356FD0B553F2E3ABB0B289C02427DDEF70674522CC0200000150414E53
SNAPSHOT:FE1B5371000EB499000018CC000001AD01000001000000050000001800080013000000356FD0B553F2E3ABB0B289C02427DDEF70674522CC0200000150414E53
SNAPSHOT:FE1B5371000EB499000018CC000001AD01000001000000050000001800080013000000356FD0B553F2E3ABB0B289C02427DDEF70674522CC0200000150414E53
SNAPSHOT:FE1B5371000EB499000018CC000001AD01000001000000050000001800080013000000356FD0B553F2E3ABB0B289C02427DDEF70674522CC0200000150414E53
SNAPSHOT:FE1B5371000EB499000018CC000001AD01000001000000050000001800080013000000356FD0B553F2E3ABB0B289C02427DDEF70674522CC0200000150414E53
SNAPSHOT:FE1B5371000EB499000018CC000001AD01000001000000050000001800080013000000356FD0B553F2E3ABB0B289C02427DDEF70674522CC0200000150414E53
SNAPSHOT:FE1B5371000EB499000018CC000001AD01000001000000050000001800080013000000356FD0B553F2E3ABB0B289C02427DDEF70674522CC0200000150414E53
CPU_REQUEST:0
CPU_SNAPSHOT:0000000000000000000000000000000000000000000000000000000000000000000000000000000000000000000000000000000000000000000000000000000000000000000000000000000000000000000000000000000000000000000000000000000000000000000000000000000000000000000000000000000000000000
CPU_SNAPSHOT:E40AB652000000000000000000000000000000000000000000000000000000000000000000FFFFFF0000000000000000000000000000000100000000000000010000000000FFFFFF0000001068CE78D8000000006FD0B553000001070000B8C70000000000000040F2E3ABB0B289C02427DDEF70674522CC0400000155504353
CPU_SNAPSHOT:E40AB652000000000000000000000000000000000000000000000000000000000000000000FFFFFF0000000000000000000000000000000100000000000000010000000000FFFFFF0000001068CE78D8000000006FD0B553000001070000B8C70000000000000040F2E3ABB0B289C02427DDEF70674522CC0400000155504353
CPU_SNAPSHOT:E40AB652000000000000000000000000000000000000000000000000000000000000000000FFFFFF0000000000000000000000000000000100000000000000010000000000FFFFFF0000001068CE78D8000000006FD0B553000001070000B8C70000000000000040F2E3ABB0B289C02427DDEF70674522CC0400000155504353
CPU_SNAPSHOT:E40AB652000000000000000000000000000000000000000000000000000000000000000000FFFFFF0000000000000000000000000000000100000000000000010000000000FFFFFF0000001068CE78D8000000006FD0B553000001070000B8C70000000000000040F2E3ABB0B289C02427DDEF70674522CC0400000155504353
CPU_REQUEST:1
CPU_SNAPSHOT:E40AB652000000000000000000000000000000000000000000000000000000000000000000FFFFFF0000000000000000000000000000000100000000000000010000000000FFFFFF0000001068CE78D8000000006FD0B553000001070000B8C70000000000000040F2E3ABB0B289C02427DDEF70674522CC0400000155504353
CPU_SNAPSHOT:E40AB652000000000000000000000000000000000000000000000000000000000000000000FFFFFF0000000000000000000000000000000100000000000000010000000000FFFFFF0000001068CE78D8000000006FD0B553000001070000B8C70000000000000040F2E3ABB0B289C02427DDEF70674522CC0400000155504353
CPU_SNAPSHOT:740A058500000000000000000000000000000000000000000000000000000000000000000000000000000000000000000000000000005FEF00000000982C30000000000097EE214A0000001065F18F90000000016FD0B55300000105000000250000000000000041F2E3ABB0B289C02427DDEF70674522CC0400000155504353
CPU_SNAPSHOT:740A058500000000000000000000000000000000000000000000000000000000000000000000000000000000000000000000000000005FEF00000000982C30000000000097EE214A0000001065F18F90000000016FD0B55300000105000000250000000000000041F2E3ABB0B289C02427DDEF70674522CC0400000155504353
CPU_SNAPSHOT:740A058500000000000000000000000000000000000000000000000000000000000000000000000000000000000000000000000000005FEF00000000982C30000000000097EE214A0000001065F18F90000000016FD0B55300000105000000250000000000000041F2E3ABB0B289C02427DDEF70674522CC0400000155504353
CPU_REQUEST:2
CPU_SNAPSHOT:740A058500000000000000000000000000000000000000000000000000000000000000000000000000000000000000000000000000005FEF00000000982C30000000000097EE214A0000001065F18F90000000016FD0B55300000105000000250000000000000041F2E3ABB0B289C02427DDEF70674522CC0400000155504353
CPU_SNAPSHOT:740A058500000000000000000000000000000000000000000000000000000000000000000000000000000000000000000000000000005FEF00000000982C30000000000097EE214A0000001065F18F90000000016FD0B55300000105000000250000000000000041F2E3ABB0B289C02427DDEF70674522CC0400000155504353
CPU_SNAPSHOT:9F3A9BF4000000000000000000000000000000000000000000000000000000000000000000FFFFFF00000000000000000000000000000001000000000006AA450000000000FFFFFF0000001068D0C0E0000000026FD0B553000001070000002B0000000000000042F2E3ABB0B289C02427DDEF70674522CC0400000155504353
CPU_SNAPSHOT:9F3A9BF4000000000000000000000000000000000000000000000000000000000000000000FFFFFF00000000000000000000000000000001000000000006AA450000000000FFFFFF0000001068D0C0E0000000026FD0B553000001070000002B0000000000000042F2E3ABB0B289C02427DDEF70674522CC0400000155504353
CPU_SNAPSHOT:9F3A9BF4000000000000000000000000000000000000000000000000000000000000000000FFFFFF00000000000000000000000000000001000000000006AA450000000000FFFFFF0000001068D0C0E0000000026FD0B553000001070000002B0000000000000042F2E3ABB0B289C02427DDEF70674522CC0400000155504353
CPU_REQUEST:3
CPU_SNAPSHOT:9F3A9BF4000000000000000000000000000000000000000000000000000000000000000000FFFFFF00000000000000000000000000000001000000000006AA450000000000FFFFFF0000001068D0C0E0000000026FD0B553000001070000002B0000000000000042F2E3ABB0B289C02427DDEF70674522CC0400000155504353
CPU_SNAPSHOT:9F3A9BF4000000000000000000000000000000000000000000000000000000000000000000FFFFFF00000000000000000000000000000001000000000006AA450000000000FFFFFF0000001068D0C0E0000000026FD0B553000001070000002B0000000000000042F2E3ABB0B289C02427DDEF70674522CC0400000155504353
CPU_SNAPSHOT:8664358200000000000000000000000000000000000000000000000000000000000000000000000000000000000000000000000000005D4600000000982C30000000000097F2214A00000010660CCD90000000036FD0B553000001050000002B0000000000000043F2E3ABB0B289C02427DDEF70674522CC0400000155504353
CPU_SNAPSHOT:8664358200000000000000000000000000000000000000000000000000000000000000000000000000000000000000000000000000005D4600000000982C30000000000097F2214A00000010660CCD90000000036FD0B553000001050000002B0000000000000043F2E3ABB0B289C02427DDEF70674522CC0400000155504353
CPU_SNAPSHOT:8664358200000000000000000000000000000000000000000000000000000000000000000000000000000000000000000000000000005D4600000000982C30000000000097F2214A00000010660CCD90000000036FD0B553000001050000002B0000000000000043F2E3ABB0B289C02427DDEF70674522CC0400000155504353
CPU_REQUEST:4
CPU_SNAPSHOT:8664358200000000000000000000000000000000000000000000000000000000000000000000000000000000000000000000000000005D4600000000982C30000000000097F2214A00000010660CCD90000000036FD0B553000001050000002B0000000000000043F2E3ABB0B289C02427DDEF70674522CC0400000155504353
CPU_SNAPSHOT:8664358200000000000000000000000000000000000000000000000000000000000000000000000000000000000000000000000000005D4600000000982C30000000000097F2214A00000010660CCD90000000036FD0B553000001050000002B0000000000000043F2E3ABB0B289C02427DDEF70674522CC0400000155504353
CPU_SNAPSHOT:E6A8E67100000000000000000000000000000000000000000000000000000000000000000000000000000000000000000000000000005F5400000000982C30000000000097F4214A0000001066336548000000046FD0B553000001050000002D0000000000000044F2E3ABB0B289C02427DDEF70674522CC0400000155504353
CPU_SNAPSHOT:E6A8E67100000000000000000000000000000000000000000000000000000000000000000000000000000000000000000000000000005F5400000000982C30000000000097F4214A0000001066336548000000046FD0B553000001050000002D0000000000000044F2E3ABB0B289C02427DDEF70674522CC0400000155504353
CPU_SNAPSHOT:E6A8E67100000000000000000000000000000000000000000000000000000000000000000000000000000000000000000000000000005F5400000000982C30000000000097F4214A0000001066336548000000046FD0B553000001050000002D0000000000000044F2E3ABB0B289C02427DDEF70674522CC0400000155504353
CPU_REQUEST:5
CPU_SNAPSHOT:E6A8E67100000000000000000000000000000000000000000000000000000000000000000000000000000000000000000000000000005F5400000000982C30000000000097F4214A0000001066336548000000046FD0B553000001050000002D0000000000000044F2E3ABB0B289C02427DDEF70674522CC0400000155504353
CPU_SNAPSHOT:E6A8E67100000000000000000000000000000000000000000000000000000000000000000000000000000000000000000000000000005F5400000000982C30000000000097F4214A0000001066336548000000046FD0B553000001050000002D0000000000000044F2E3ABB0B289C02427DDEF70674522CC0400000155504353
CPU_SNAPSHOT:B9E76E8300000000000000000000000000000000000000000000000000000000000000000000000000000000000000000000000000005F5B00000000982C30000000000097F6214A00000010665A74CC000000056FD0B55300000105000000250000000000000045F2E3ABB0B289C02427DDEF70674522CC0400000155504353
CPU_SNAPSHOT:B9E76E8300000000000000000000000000000000000000000000000000000000000000000000000000000000000000000000000000005F5B00000000982C30000000000097F6214A00000010665A74CC000000056FD0B55300000105000000250000000000000045F2E3ABB0B289C02427DDEF70674522CC0400000155504353
CPU_SNAPSHOT:B9E76E8300000000000000000000000000000000000000000000000000000000000000000000000000000000000000000000000000005F5B00000000982C30000000000097F6214A00000010665A74CC000000056FD0B55300000105000000250000000000000045F2E3ABB0B289C02427DDEF70674522CC0400000155504353
CPU_REQUEST:6
CPU_SNAPSHOT:B9E76E8300000000000000000000000000000000000000000000000000000000000000000000000000000000000000000000000000005F5B00000000982C30000000000097F6214A00000010665A74CC000000056FD0B55300000105000000250000000000000045F2E3ABB0B289C02427DDEF70674522CC0400000155504353
CPU_SNAPSHOT:B9E76E8300000000000000000000000000000000000000000000000000000000000000000000000000000000000000000000000000005F5B00000000982C30000000000097F6214A00000010665A74CC000000056FD0B55300000105000000250000000000000045F2E3ABB0B289C02427DDEF70674522CC0400000155504353
CPU_SNAPSHOT:EFF6A3FE00000000000000000000000000000000000000000000000000000000000000000000000000000000000000000000000000005E6E00000000982C30000000000097F8214A00000010664E31D8000000066FD0B55300000105000000210000000000000046F2E3ABB0B289C02427DDEF70674522CC0400000155504353
CPU_SNAPSHOT:EFF6A3FE00000000000000000000000000000000000000000000000000000000000000000000000000000000000000000000000000005E6E00000000982C30000000000097F8214A00000010664E31D8000000066FD0B55300000105000000210000000000000046F2E3ABB0B289C02427DDEF70674522CC0400000155504353
CPU_SNAPSHOT:EFF6A3FE00000000000000000000000000000000000000000000000000000000000000000000000000000000000000000000000000005E6E00000000982C30000000000097F8214A00000010664E31D8000000066FD0B55300000105000000210000000000000046F2E3ABB0B289C02427DDEF70674522CC0400000155504353
CPU_REQUEST:7
CPU_SNAPSHOT:EFF6A3FE00000000000000000000000000000000000000000000000000000000000000000000000000000000000000000000000000005E6E00000000982C30000000000097F8214A00000010664E31D8000000066FD0B55300000105000000210000000000000046F2E3ABB0B289C02427DDEF70674522CC0400000155504353
CPU_SNAPSHOT:EFF6A3FE00000000000000000000000000000000000000000000000000000000000000000000000000000000000000000000000000005E6E00000000982C30000000000097F8214A00000010664E31D8000000066FD0B55300000105000000210000000000000046F2E3ABB0B289C02427DDEF70674522CC0400000155504353
CPU_SNAPSHOT:AE00D4BD00000000000000000000000000000000000000000000000000005E0100000000982C30000000000000000000000000000000000000000000000000770000000097FA214A00000010641E5500000000076FD0B55300000101000000220000000000000047F2E3ABB0B289C02427DDEF70674522CC0400000155504353
CPU_SNAPSHOT:AE00D4BD00000000000000000000000000000000000000000000000000005E0100000000982C30000000000000000000000000000000000000000000000000770000000097FA214A00000010641E5500000000076FD0B55300000101000000220000000000000047F2E3ABB0B289C02427DDEF70674522CC0400000155504353
CPU_SNAPSHOT:AE00D4BD00000000000000000000000000000000000000000000000000005E0100000000982C30000000000000000000000000000000000000000000000000770000000097FA214A00000010641E5500000000076FD0B55300000101000000220000000000000047F2E3ABB0B289C02427DDEF70674522CC0400000155504353
CPU_REQUEST:8
CPU_SNAPSHOT:AE00D4BD00000000000000000000000000000000000000000000000000005E0100000000982C30000000000000000000000000000000000000000000000000770000000097FA214A00000010641E5500000000076FD0B55300000101000000220000000000000047F2E3ABB0B289C02427DDEF70674522CC0400000155504353
CPU_SNAPSHOT:AE00D4BD00000000000000000000000000000000000000000000000000005E0100000000982C30000000000000000000000000000000000000000000000000770000000097FA214A00000010641E5500000000076FD0B55300000101000000220000000000000047F2E3ABB0B289C02427DDEF70674522CC0400000155504353
CPU_SNAPSHOT:5EF7C89400000000000000000000000000000000000000000000000000005E0100000000982C30000000000000000000000000000000000000000000000000770000000097FC214A000000106802889C000000086FD0B553000001010000002C0000000000000048F2E3ABB0B289C02427DDEF70674522CC0400000155504353
CPU_SNAPSHOT:5EF7C89400000000000000000000000000000000000000000000000000005E0100000000982C30000000000000000000000000000000000000000000000000770000000097FC214A000000106802889C000000086FD0B553000001010000002C0000000000000048F2E3ABB0B289C02427DDEF70674522CC0400000155504353
CPU_SNAPSHOT:5EF7C89400000000000000000000000000000000000000000000000000005E0100000000982C30000000000000000000000000000000000000000000000000770000000097FC214A000000106802889C000000086FD0B553000001010000002C0000000000000048F2E3ABB0B289C02427DDEF70674522CC0400000155504353
CPU_REQUEST:9
CPU_SNAPSHOT:5EF7C89400000000000000000000000000000000000000000000000000005E0100000000982C30000000000000000000000000000000000000000000000000770000000097FC214A000000106802889C000000086FD0B553000001010000002C0000000000000048F2E3ABB0B289C02427DDEF70674522CC0400000155504353
CPU_SNAPSHOT:5EF7C89400000000000000000000000000000000000000000000000000005E0100000000982C30000000000000000000000000000000000000000000000000770000000097FC214A000000106802889C000000086FD0B553000001010000002C0000000000000048F2E3ABB0B289C02427DDEF70674522CC0400000155504353
CPU_SNAPSHOT:D17C44F700000000000000000000000000000000000000000000000000005E0100000000982C30000000000000000000000000000000000000000000000000770000000097FE214A00000010680B6060000000096FD0B55300000101000000280000000000000049F2E3ABB0B289C02427DDEF70674522CC0400000155504353
CPU_SNAPSHOT:D17C44F700000000000000000000000000000000000000000000000000005E0100000000982C30000000000000000000000000000000000000000000000000770000000097FE214A00000010680B6060000000096FD0B55300000101000000280000000000000049F2E3ABB0B289C02427DDEF70674522CC0400000155504353
CPU_SNAPSHOT:D17C44F700000000000000000000000000000000000000000000000000005E0100000000982C30000000000000000000000000000000000000000000000000770000000097FE214A00000010680B6060000000096FD0B55300000101000000280000000000000049F2E3ABB0B289C02427DDEF70674522CC0400000155504353
CPU_REQUEST:10
CPU_SNAPSHOT:D17C44F700000000000000000000000000000000000000000000000000005E0100000000982C30000000000000000000000000000000000000000000000000770000000097FE214A00000010680B6060000000096FD0B55300000101000000280000000000000049F2E3ABB0B289C02427DDEF70674522CC0400000155504353
CPU_SNAPSHOT:D17C44F700000000000000000000000000000000000000000000000000005E0100000000982C30000000000000000000000000000000000000000000000000770000000097FE214A00000010680B6060000000096FD0B55300000101000000280000000000000049F2E3ABB0B289C02427DDEF70674522CC0400000155504353
CPU_SNAPSHOT:F32A0EE800000000000000000000000000000000000000000000000000000000000000000000000000000000000000000000000000005F0B00000000982C3000000000009800214A000000106654BFB00000000A6FD0B5530000010500000029000000000000004AF2E3ABB0B289C02427DDEF70674522CC0400000155504353
CPU_SNAPSHOT:F32A0EE800000000000000000000000000000000000000000000000000000000000000000000000000000000000000000000000000005F0B00000000982C3000000000009800214A000000106654BFB00000000A6FD0B5530000010500000029000000000000004AF2E3ABB0B289C02427DDEF70674522CC0400000155504353
CPU_SNAPSHOT:F32A0EE800000000000000000000000000000000000000000000000000000000000000000000000000000000000000000000000000005F0B00000000982C3000000000009800214A000000106654BFB00000000A6FD0B5530000010500000029000000000000004AF2E3ABB0B289C02427DDEF70674522CC0400000155504353
CPU_REQUEST:11
CPU_SNAPSHOT:F32A0EE800000000000000000000000000000000000000000000000000000000000000000000000000000000000000000000000000005F0B00000000982C3000000000009800214A000000106654BFB00000000A6FD0B5530000010500000029000000000000004AF2E3ABB0B289C02427DDEF70674522CC0400000155504353
CPU_SNAPSHOT:F32A0EE800000000000000000000000000000000000000000000000000000000000000000000000000000000000000000000000000005F0B00000000982C3000000000009800214A000000106654BFB00000000A6FD0B5530000010500000029000000000000004AF2E3ABB0B289C02427DDEF70674522CC0400000155504353
CPU_SNAPSHOT:C2805AEA00000000000000000000000000000000000000000000000000005F0100000000982C3000000000000000000000000000000000000000000000000077000000009802214A00000010662B4C200000000B6FD0B5530000010100000028000000000000004BF2E3ABB0B289C02427DDEF70674522CC0400000155504353
CPU_SNAPSHOT:C2805AEA00000000000000000000000000000000000000000000000000005F0100000000982C3000000000000000000000000000000000000000000000000077000000009802214A00000010662B4C200000000B6FD0B5530000010100000028000000000000004BF2E3ABB0B289C02427DDEF70674522CC0400000155504353
CPU_SNAPSHOT:C2805AEA00000000000000000000000000000000000000000000000000005F0100000000982C3000000000000000000000000000000000000000000000000077000000009802214A00000010662B4C200000000B6FD0B5530000010100000028000000000000004BF2E3ABB0B289C02427DDEF70674522CC0400000155504353
CPU_REQUEST:12
CPU_SNAPSHOT:C2805AEA00000000000000000000000000000000000000000000000000005F0100000000982C3000000000000000000000000000000000000000000000000077000000009802214A00000010662B4C200000000B6FD0B5530000010100000028000000000000004BF2E3ABB0B289C02427DDEF70674522CC0400000155504353
CPU_SNAPSHOT:C2805AEA00000000000000000000000000000000000000000000000000005F0100000000982C3000000000000000000000000000000000000000000000000077000000009802214A00000010662B4C200000000B6FD0B5530000010100000028000000000000004BF2E3ABB0B289C02427DDEF70674522CC0400000155504353
CPU_SNAPSHOT:5E1A92630000000000000000000000000000000000000000000000000000000000000000000000000000000000000000000000000000595D00000000982C3000000000009804214A0000001063A2C9F0000000106FD0B5530000010500000022000000000000004CF2E3ABB0B289C02427DDEF70674522CC0400000155504353
CPU_SNAPSHOT:5E1A92630000000000000000000000000000000000000000000000000000000000000000000000000000000000000000000000000000595D00000000982C3000000000009804214A0000001063A2C9F0000000106FD0B5530000010500000022000000000000004CF2E3ABB0B289C02427DDEF70674522CC0400000155504353
CPU_SNAPSHOT:5E1A92630000000000000000000000000000000000000000000000000000000000000000000000000000000000000000000000000000595D00000000982C3000000000009804214A0000001063A2C9F0000000106FD0B5530000010500000022000000000000004CF2E3ABB0B289C02427DDEF70674522CC0400000155504353
CPU_REQUEST:13
CPU_SNAPSHOT:5E1A92630000000000000000000000000000000000000000000000000000000000000000000000000000000000000000000000000000595D00000000982C3000000000009804214A0000001063A2C9F0000000106FD0B5530000010500000022000000000000004CF2E3ABB0B289C02427DDEF70674522CC0400000155504353
CPU_SNAPSHOT:5E1A92630000000000000000000000000000000000000000000000000000000000000000000000000000000000000000000000000000595D00000000982C3000000000009804214A0000001063A2C9F0000000106FD0B5530000010500000022000000000000004CF2E3ABB0B289C02427DDEF70674522CC0400000155504353
CPU_SNAPSHOT:D099266B00000000000000000000000000000000000000000000000000005A0100000000982C3000000000000000000000000000000000000000000000000077000000009806214A000000106740C1E0000000116FD0B5530000010100000023000000000000004DF2E3ABB0B289C02427DDEF70674522CC0400000155504353
CPU_SNAPSHOT:D099266B00000000000000000000000000000000000000000000000000005A0100000000982C3000000000000000000000000000000000000000000000000077000000009806214A000000106740C1E0000000116FD0B5530000010100000023000000000000004DF2E3ABB0B289C02427DDEF70674522CC0400000155504353
CPU_SNAPSHOT:D099266B00000000000000000000000000000000000000000000000000005A0100000000982C3000000000000000000000000000000000000000000000000077000000009806214A000000106740C1E0000000116FD0B5530000010100000023000000000000004DF2E3ABB0B289C02427DDEF70674522CC0400000155504353
CPU_REQUEST:14
CPU_SNAPSHOT:D099266B00000000000000000000000000000000000000000000000000005A0100000000982C3000000000000000000000000000000000000000000000000077000000009806214A000000106740C1E0000000116FD0B5530000010100000023000000000000004DF2E3ABB0B289C02427DDEF70674522CC0400000155504353
CPU_SNAPSHOT:D099266B00000000000000000000000000000000000000000000000000005A0100000000982C3000000000000000000000000000000000000000000000000077000000009806214A000000106740C1E0000000116FD0B5530000010100000023000000000000004DF2E3ABB0B289C02427DDEF70674522CC0400000155504353
CPU_SNAPSHOT:AE9C3CDA00000000000000000000000000000000000000000000000000005C0100000000982C3000000000000000000000000000000000000000000000000077000000009808214A00000010688C2290000000126FD0B5530000010100000021000000000000004EF2E3ABB0B289C02427DDEF70674522CC0400000155504353
CPU_SNAPSHOT:AE9C3CDA00000000000000000000000000000000000000000000000000005C0100000000982C3000000000000000000000000000000000000000000000000077000000009808214A00000010688C2290000000126FD0B5530000010100000021000000000000004EF2E3ABB0B289C02427DDEF70674522CC0400000155504353
CPU_SNAPSHOT:AE9C3CDA00000000000000000000000000000000000000000000000000005C0100000000982C3000000000000000000000000000000000000000000000000077000000009808214A00000010688C2290000000126FD0B5530000010100000021000000000000004EF2E3ABB0B289C02427DDEF70674522CC0400000155504353
CPU_REQUEST:15
CPU_SNAPSHOT:AE9C3CDA00000000000000000000000000000000000000000000000000005C0100000000982C3000000000000000000000000000000000000000000000000077000000009808214A00000010688C2290000000126FD0B5530000010100000021000000000000004EF2E3ABB0B289C02427DDEF70674522CC0400000155504353
CPU_SNAPSHOT:AE9C3CDA00000000000000000000000000000000000000000000000000005C0100000000982C3000000000000000000000000000000000000000000000000077000000009808214A00000010688C2290000000126FD0B5530000010100000021000000000000004EF2E3ABB0B289C02427DDEF70674522CC0400000155504353
CPU_SNAPSHOT:7614206000000000000000000000000000000000000000000000000000005C0100000000982C300000000000000000000000000000000000000000000000007700000000980A214A000000106885DF50000000136FD0B5530000010100000017000000000000004FF2E3ABB0B289C02427DDEF70674522CC0400000155504353
CPU_SNAPSHOT:7614206000000000000000000000000000000000000000000000000000005C0100000000982C300000000000000000000000000000000000000000000000007700000000980A214A000000106885DF50000000136FD0B5530000010100000017000000000000004FF2E3ABB0B289C02427DDEF70674522CC0400000155504353
CPU_SNAPSHOT:7614206000000000000000000000000000000000000000000000000000005C0100000000982C300000000000000000000000000000000000000000000000007700000000980A214A000000106885DF50000000136FD0B5530000010100000017000000000000004FF2E3ABB0B289C02427DDEF70674522CC0400000155504353
CPU_REQUEST:16
CPU_SNAPSHOT:7614206000000000000000000000000000000000000000000000000000005C0100000000982C300000000000000000000000000000000000000000000000007700000000980A214A000000106885DF50000000136FD0B5530000010100000017000000000000004FF2E3ABB0B289C02427DDEF70674522CC0400000155504353
CPU_SNAPSHOT:7614206000000000000000000000000000000000000000000000000000005C0100000000982C300000000000000000000000000000000000000000000000007700000000980A214A000000106885DF50000000136FD0B5530000010100000017000000000000004FF2E3ABB0B289C02427DDEF70674522CC0400000155504353
CPU_SNAPSHOT:750A992D00000000000000000000000000000000000000000000000000000000000000000000000000000000000000000000000000005A6D00000000982C300000000000980C214A00000010635630B8000000146FD0B55300000105000000210000000000000050F2E3ABB0B289C02427DDEF70674522CC0400000155504353
CPU_SNAPSHOT:750A992D00000000000000000000000000000000000000000000000000000000000000000000000000000000000000000000000000005A6D00000000982C300000000000980C214A00000010635630B8000000146FD0B55300000105000000210000000000000050F2E3ABB0B289C02427DDEF70674522CC0400000155504353
CPU_SNAPSHOT:750A992D00000000000000000000000000000000000000000000000000000000000000000000000000000000000000000000000000005A6D00000000982C300000000000980C214A00000010635630B8000000146FD0B55300000105000000210000000000000050F2E3ABB0B289C02427DDEF70674522CC0400000155504353
CPU_REQUEST:17
CPU_SNAPSHOT:750A992D00000000000000000000000000000000000000000000000000000000000000000000000000000000000000000000000000005A6D00000000982C300000000000980C214A00000010635630B8000000146FD0B55300000105000000210000000000000050F2E3ABB0B289C02427DDEF70674522CC0400000155504353
CPU_SNAPSHOT:750A992D00000000000000000000000000000000000000000000000000000000000000000000000000000000000000000000000000005A6D00000000982C300000000000980C214A00000010635630B8000000146FD0B55300000105000000210000000000000050F2E3ABB0B289C02427DDEF70674522CC0400000155504353
CPU_SNAPSHOT:7C34719F00000000000000000000000000000000000000000000000000005B0100000000982C300000000000000000000000000000000000000000000000007700000000980E214A00000010669769D8000000156FD0B55300000101000000200000000000000051F2E3ABB0B289C02427DDEF70674522CC0400000155504353
CPU_SNAPSHOT:7C34719F00000000000000000000000000000000000000000000000000005B0100000000982C300000000000000000000000000000000000000000000000007700000000980E214A00000010669769D8000000156FD0B55300000101000000200000000000000051F2E3ABB0B289C02427DDEF70674522CC0400000155504353
CPU_SNAPSHOT:7C34719F00000000000000000000000000000000000000000000000000005B0100000000982C300000000000000000000000000000000000000000000000007700000000980E214A00000010669769D8000000156FD0B55300000101000000200000000000000051F2E3ABB0B289C02427DDEF70674522CC0400000155504353
CPU_REQUEST:18
CPU_SNAPSHOT:7C34719F00000000000000000000000000000000000000000000000000005B0100000000982C300000000000000000000000000000000000000000000000007700000000980E214A00000010669769D8000000156FD0B55300000101000000200000000000000051F2E3ABB0B289C02427DDEF70674522CC0400000155504353
CPU_SNAPSHOT:7C34719F00000000000000000000000000000000000000000000000000005B0100000000982C300000000000000000000000000000000000000000000000007700000000980E214A00000010669769D8000000156FD0B55300000101000000200000000000000051F2E3ABB0B289C02427DDEF70674522CC0400000155504353
CPU_SNAPSHOT:00FBC42D00000000000000000000000000000000000000000000000000000000000000000000000000000000000000000000000000005B4400000000982C3000000000009810214A0000001066A251C8000000166FD0B55300000105000000210000000000000052F2E3ABB0B289C02427DDEF70674522CC0400000155504353
CPU_SNAPSHOT:00FBC42D00000000000000000000000000000000000000000000000000000000000000000000000000000000000000000000000000005B4400000000982C3000000000009810214A0000001066A251C8000000166FD0B55300000105000000210000000000000052F2E3ABB0B289C02427DDEF70674522CC0400000155504353
CPU_SNAPSHOT:00FBC42D00000000000000000000000000000000000000000000000000000000000000000000000000000000000000000000000000005B4400000000982C3000000000009810214A0000001066A251C8000000166FD0B55300000105000000210000000000000052F2E3ABB0B289C02427DDEF70674522CC0400000155504353
CPU_REQUEST:19
CPU_SNAPSHOT:00FBC42D00000000000000000000000000000000000000000000000000000000000000000000000000000000000000000000000000005B4400000000982C3000000000009810214A0000001066A251C8000000166FD0B55300000105000000210000000000000052F2E3ABB0B289C02427DDEF70674522CC0400000155504353
CPU_SNAPSHOT:00FBC42D00000000000000000000000000000000000000000000000000000000000000000000000000000000000000000000000000005B4400000000982C3000000000009810214A0000001066A251C8000000166FD0B55300000105000000210000000000000052F2E3ABB0B289C02427DDEF70674522CC0400000155504353
CPU_SNAPSHOT:9056A54400000000000000000000000000000000000000000000000000000000000000000000000000000000000000000000000000005B4100000000982C3000000000009812214A0000001066AB4170000000176FD0B55300000105000000260000000000000053F2E3ABB0B289C02427DDEF70674522CC0400000155504353
CPU_SNAPSHOT:9056A54400000000000000000000000000000000000000000000000000000000000000000000000000000000000000000000000000005B4100000000982C3000000000009812214A0000001066AB4170000000176FD0B55300000105000000260000000000000053F2E3ABB0B289C02427DDEF70674522CC0400000155504353
CPU_SNAPSHOT:9056A54400000000000000000000000000000000000000000000000000000000000000000000000000000000000000000000000000005B4100000000982C3000000000009812214A0000001066AB4170000000176FD0B55300000105000000260000000000000053F2E3ABB0B289C02427DDEF70674522CC0400000155504353
CPU_REQUEST:20
CPU_SNAPSHOT:9056A54400000000000000000000000000000000000000000000000000000000000000000000000000000000000000000000000000005B4100000000982C3000000000009812214A0000001066AB4170000000176FD0B55300000105000000260000000000000053F2E3ABB0B289C02427DDEF70674522CC0400000155504353
CPU_SNAPSHOT:9056A54400000000000000000000000000000000000000000000000000000000000000000000000000000000000000000000000000005B4100000000982C3000000000009812214A0000001066AB4170000000176FD0B55300000105000000260000000000000053F2E3ABB0B289C02427DDEF70674522CC0400000155504353
CPU_SNAPSHOT:DE8C0ACB00000000000000000000000000000000000000000000000000000000000000000000000000000000000000000000000000005B2800000000982C3000000000009814214A000000106727D8A0000000186FD0B55300000105000000280000000000000054F2E3ABB0B289C02427DDEF70674522CC0400000155504353
CPU_SNAPSHOT:DE8C0ACB00000000000000000000000000000000000000000000000000000000000000000000000000000000000000000000000000005B2800000000982C3000000000009814214A000000106727D8A0000000186FD0B55300000105000000280000000000000054F2E3ABB0B289C02427DDEF70674522CC0400000155504353
CPU_SNAPSHOT:DE8C0ACB00000000000000000000000000000000000000000000000000000000000000000000000000000000000000000000000000005B2800000000982C3000000000009814214A000000106727D8A0000000186FD0B55300000105000000280000000000000054F2E3ABB0B289C02427DDEF70674522CC0400000155504353
CPU_REQUEST:21
CPU_SNAPSHOT:DE8C0ACB00000000000000000000000000000000000000000000000000000000000000000000000000000000000000000000000000005B2800000000982C3000000000009814214A000000106727D8A0000000186FD0B55300000105000000280000000000000054F2E3ABB0B289C02427DDEF70674522CC0400000155504353
CPU_SNAPSHOT:DE8C0ACB00000000000000000000000000000000000000000000000000000000000000000000000000000000000000000000000000005B2800000000982C3000000000009814214A000000106727D8A0000000186FD0B55300000105000000280000000000000054F2E3ABB0B289C02427DDEF70674522CC0400000155504353
CPU_SNAPSHOT:6403D91700000000000000000000000000000000000000000000000000000000000000000000000000000000000000000000000000005B2400000000982C3000000000009816214A00000010672D4EA8000000196FD0B55300000105000000290000000000000055F2E3ABB0B289C02427DDEF70674522CC0400000155504353
CPU_SNAPSHOT:6403D91700000000000000000000000000000000000000000000000000000000000000000000000000000000000000000000000000005B2400000000982C3000000000009816214A00000010672D4EA8000000196FD0B55300000105000000290000000000000055F2E3ABB0B289C02427DDEF70674522CC0400000155504353
CPU_SNAPSHOT:6403D91700000000000000000000000000000000000000000000000000000000000000000000000000000000000000000000000000005B2400000000982C3000000000009816214A00000010672D4EA8000000196FD0B55300000105000000290000000000000055F2E3ABB0B289C02427DDEF70674522CC0400000155504353
CPU_REQUEST:22
CPU_SNAPSHOT:6403D91700000000000000000000000000000000000000000000000000000000000000000000000000000000000000000000000000005B2400000000982C3000000000009816214A00000010672D4EA8000000196FD0B55300000105000000290000000000000055F2E3ABB0B289C02427DDEF70674522CC0400000155504353
CPU_SNAPSHOT:6403D91700000000000000000000000000000000000000000000000000000000000000000000000000000000000000000000000000005B2400000000982C3000000000009816214A00000010672D4EA8000000196FD0B55300000105000000290000000000000055F2E3ABB0B289C02427DDEF70674522CC0400000155504353
CPU_SNAPSHOT:DC9BD47100000000000000000000000000000000000000000000000000000000000000000000000000000000000000000000000000005A8C00000000982C3000000000009818214A00000010670D3DBC0000001A6FD0B55300000105000000280000000000000056F2E3ABB0B289C02427DDEF70674522CC0400000155504353
CPU_SNAPSHOT:DC9BD47100000000000000000000000000000000000000000000000000000000000000000000000000000000000000000000000000005A8C00000000982C3000000000009818214A00000010670D3DBC0000001A6FD0B55300000105000000280000000000000056F2E3ABB0B289C02427DDEF70674522CC0400000155504353
CPU_SNAPSHOT:DC9BD47100000000000000000000000000000000000000000000000000000000000000000000000000000000000000000000000000005A8C00000000982C3000000000009818214A00000010670D3DBC0000001A6FD0B55300000105000000280000000000000056F2E3ABB0B289C02427DDEF70674522CC0400000155504353
CPU_REQUEST:23
CPU_SNAPSHOT:DC9BD47100000000000000000000000000000000000000000000000000000000000000000000000000000000000000000000000000005A8C00000000982C3000000000009818214A00000010670D3DBC0000001A6FD0B55300000105000000280000000000000056F2E3ABB0B289C02427DDEF70674522CC0400000155504353
CPU_SNAPSHOT:DC9BD47100000000000000000000000000000000000000000000000000000000000000000000000000000000000000000000000000005A8C00000000982C3000000000009818214A00000010670D3DBC0000001A6FD0B55300000105000000280000000000000056F2E3ABB0B289C02427DDEF70674522CC0400000155504353
CPU_SNAPSHOT:5D8BE1D600000000000000000000000000000000000000000000000000000000000000000000000000000000000000000000000000005A8700000000982C300000000000981A214A0000001067085E9C0000001B6FD0B55300000105000000290000000000000057F2E3ABB0B289C02427DDEF70674522CC0400000155504353
CPU_SNAPSHOT:5D8BE1D600000000000000000000000000000000000000000000000000000000000000000000000000000000000000000000000000005A8700000000982C300000000000981A214A0000001067085E9C0000001B6FD0B55300000105000000290000000000000057F2E3ABB0B289C02427DDEF70674522CC0400000155504353
CPU_SNAPSHOT:5D8BE1D600000000000000000000000000000000000000000000000000000000000000000000000000000000000000000000000000005A8700000000982C300000000000981A214A0000001067085E9C0000001B6FD0B55300000105000000290000000000000057F2E3ABB0B289C02427DDEF70674522CC0400000155504353
CPU_REQUEST:24
CPU_SNAPSHOT:5D8BE1D600000000000000000000000000000000000000000000000000000000000000000000000000000000000000000000000000005A8700000000982C300000000000981A214A0000001067085E9C0000001B6FD0B55300000105000000290000000000000057F2E3ABB0B289C02427DDEF70674522CC0400000155504353
CPU_SNAPSHOT:5D8BE1D600000000000000000000000000000000000000000000000000000000000000000000000000000000000000000000000000005A8700000000982C300000000000981A214A0000001067085E9C0000001B6FD0B55300000105000000290000000000000057F2E3ABB0B289C02427DDEF70674522CC0400000155504353
CPU_SNAPSHOT:9FAAEE3000000000000000000000000000000000000000000000000000000000000000000000000000000000000000000000000000000000000000000000000000000000000000000000000000000000000000000000000000000000000000000000000000000018F2E3ABB0B289C02427DDEF70674522CC0400000155504353
CPU_SNAPSHOT:9FAAEE3000000000000000000000000000000000000000000000000000000000000000000000000000000000000000000000000000000000000000000000000000000000000000000000000000000000000000000000000000000000000000000000000000000018F2E3ABB0B289C02427DDEF70674522CC0400000155504353
CPU_SNAPSHOT:9FAAEE3000000000000000000000000000000000000000000000000000000000000000000000000000000000000000000000000000000000000000000000000000000000000000000000000000000000000000000000000000000000000000000000000000000018F2E3ABB0B289C02427DDEF70674522CC0400000155504353
CPU_REQUEST:25
CPU_SNAPSHOT:9FAAEE3000000000000000000000000000000000000000000000000000000000000000000000000000000000000000000000000000000000000000000000000000000000000000000000000000000000000000000000000000000000000000000000000000000018F2E3ABB0B289C02427DDEF70674522CC0400000155504353
CPU_SNAPSHOT:9FAAEE3000000000000000000000000000000000000000000000000000000000000000000000000000000000000000000000000000000000000000000000000000000000000000000000000000000000000000000000000000000000000000000000000000000018F2E3ABB0B289C02427DDEF70674522CC0400000155504353
CPU_SNAPSHOT:EA3528AD00000000000000000000000000000000000000000000000000000000000000000000000000000000000000000000000000000000000000000000000000000000000000000000000000000000000000000000000000000000000000000000000000000019F2E3ABB0B289C02427DDEF70674522CC0400000155504353
CPU_SNAPSHOT:EA3528AD00000000000000000000000000000000000000000000000000000000000000000000000000000000000000000000000000000000000000000000000000000000000000000000000000000000000000000000000000000000000000000000000000000019F2E3ABB0B289C02427DDEF70674522CC0400000155504353
CPU_SNAPSHOT:EA3528AD00000000000000000000000000000000000000000000000000000000000000000000000000000000000000000000000000000000000000000000000000000000000000000000000000000000000000000000000000000000000000000000000000000019F2E3ABB0B289C02427DDEF70674522CC0400000155504353
CPU_REQUEST:26
CPU_SNAPSHOT:EA3528AD00000000000000000000000000000000000000000000000000000000000000000000000000000000000000000000000000000000000000000000000000000000000000000000000000000000000000000000000000000000000000000000000000000019F2E3ABB0B289C02427DDEF70674522CC0400000155504353
CPU_SNAPSHOT:EA3528AD00000000000000000000000000000000000000000000000000000000000000000000000000000000000000000000000000000000000000000000000000000000000000000000000000000000000000000000000000000000000000000000000000000019F2E3ABB0B289C02427DDEF70674522CC0400000155504353
CPU_SNAPSHOT:7495630A0000000000000000000000000000000000000000000000000000000000000000000000000000000000000000000000000000000000000000000000000000000000000000000000000000000000000000000000000000000000000000000000000000001AF2E3ABB0B289C02427DDEF70674522CC0400000155504353
CPU_SNAPSHOT:7495630A0000000000000000000000000000000000000000000000000000000000000000000000000000000000000000000000000000000000000000000000000000000000000000000000000000000000000000000000000000000000000000000000000000001AF2E3ABB0B289C02427DDEF70674522CC0400000155504353
CPU_SNAPSHOT:7495630A0000000000000000000000000000000000000000000000000000000000000000000000000000000000000000000000000000000000000000000000000000000000000000000000000000000000000000000000000000000000000000000000000000001AF2E3ABB0B289C02427DDEF70674522CC0400000155504353
CPU_REQUEST:27
CPU_SNAPSHOT:7495630A0000000000000000000000000000000000000000000000000000000000000000000000000000000000000000000000000000000000000000000000000000000000000000000000000000000000000000000000000000000000000000000000000000001AF2E3ABB0B289C02427DDEF70674522CC0400000155504353
CPU_SNAPSHOT:7495630A0000000000000000000000000000000000000000000000000000000000000000000000000000000000000000000000000000000000000000000000000000000000000000000000000000000000000000000000000000000000000000000000000000001AF2E3ABB0B289C02427DDEF70674522CC0400000155504353
CPU_SNAPSHOT:010AA5970000000000000000000000000000000000000000000000000000000000000000000000000000000000000000000000000000000000000000000000000000000000000000000000000000000000000000000000000000000000000000000000000000001BF2E3ABB0B289C02427DDEF70674522CC0400000155504353
CPU_SNAPSHOT:010AA5970000000000000000000000000000000000000000000000000000000000000000000000000000000000000000000000000000000000000000000000000000000000000000000000000000000000000000000000000000000000000000000000000000001BF2E3ABB0B289C02427DDEF70674522CC0400000155504353
CPU_SNAPSHOT:010AA5970000000000000000000000000000000000000000000000000000000000000000000000000000000000000000000000000000000000000000000000000000000000000000000000000000000000000000000000000000000000000000000000000000001BF2E3ABB0B289C02427DDEF70674522CC0400000155504353
CPU_REQUEST:28
CPU_SNAPSHOT:010AA5970000000000000000000000000000000000000000000000000000000000000000000000000000000000000000000000000000000000000000000000000000000000000000000000000000000000000000000000000000000000000000000000000000001BF2E3ABB0B289C02427DDEF70674522CC0400000155504353
CPU_SNAPSHOT:010AA5970000000000000000000000000000000000000000000000000000000000000000000000000000000000000000000000000000000000000000000000000000000000000000000000000000000000000000000000000000000000000000000000000000001BF2E3ABB0B289C02427DDEF70674522CC0400000155504353
CPU_SNAPSHOT:92A4F2050000000000000000000000000000000000000000000000000000000000000000000000000000000000000000000000000000000000000000000000000000000000000000000000000000000000000000000000000000000000000000000000000000001CF2E3ABB0B289C02427DDEF70674522CC0400000155504353
CPU_SNAPSHOT:92A4F2050000000000000000000000000000000000000000000000000000000000000000000000000000000000000000000000000000000000000000000000000000000000000000000000000000000000000000000000000000000000000000000000000000001CF2E3ABB0B289C02427DDEF70674522CC0400000155504353
CPU_SNAPSHOT:92A4F2050000000000000000000000000000000000000000000000000000000000000000000000000000000000000000000000000000000000000000000000000000000000000000000000000000000000000000000000000000000000000000000000000000001CF2E3ABB0B289C02427DDEF70674522CC0400000155504353
CPU_REQUEST:29
CPU_SNAPSHOT:92A4F2050000000000000000000000000000000000000000000000000000000000000000000000000000000000000000000000000000000000000000000000000000000000000000000000000000000000000000000000000000000000000000000000000000001CF2E3ABB0B289C02427DDEF70674522CC0400000155504353
CPU_SNAPSHOT:92A4F2050000000000000000000000000000000000000000000000000000000000000000000000000000000000000000000000000000000000000000000000000000000000000000000000000000000000000000000000000000000000000000000000000000001CF2E3ABB0B289C02427DDEF70674522CC0400000155504353
CPU_SNAPSHOT:E73B34980000000000000000000000000000000000000000000000000000000000000000000000000000000000000000000000000000000000000000000000000000000000000000000000000000000000000000000000000000000000000000000000000000001DF2E3ABB0B289C02427DDEF70674522CC0400000155504353
CPU_SNAPSHOT:E73B34980000000000000000000000000000000000000000000000000000000000000000000000000000000000000000000000000000000000000000000000000000000000000000000000000000000000000000000000000000000000000000000000000000001DF2E3ABB0B289C02427DDEF70674522CC0400000155504353
CPU_SNAPSHOT:E73B34980000000000000000000000000000000000000000000000000000000000000000000000000000000000000000000000000000000000000000000000000000000000000000000000000000000000000000000000000000000000000000000000000000001DF2E3ABB0B289C02427DDEF70674522CC0400000155504353
CPU_REQUEST:30
CPU_SNAPSHOT:E73B34980000000000000000000000000000000000000000000000000000000000000000000000000000000000000000000000000000000000000000000000000000000000000000000000000000000000000000000000000000000000000000000000000000001DF2E3ABB0B289C02427DDEF70674522CC0400000155504353
CPU_SNAPSHOT:E73B34980000000000000000000000000000000000000000000000000000000000000000000000000000000000000000000000000000000000000000000000000000000000000000000000000000000000000000000000000000000000000000000000000000001DF2E3ABB0B289C02427DDEF70674522CC0400000155504353
CPU_SNAPSHOT:799B7F3F0000000000000000000000000000000000000000000000000000000000000000000000000000000000000000000000000000000000000000000000000000000000000000000000000000000000000000000000000000000000000000000000000000001EF2E3ABB0B289C02427DDEF70674522CC0400000155504353
CPU_SNAPSHOT:799B7F3F0000000000000000000000000000000000000000000000000000000000000000000000000000000000000000000000000000000000000000000000000000000000000000000000000000000000000000000000000000000000000000000000000000001EF2E3ABB0B289C02427DDEF70674522CC0400000155504353
CPU_SNAPSHOT:799B7F3F0000000000000000000000000000000000000000000000000000000000000000000000000000000000000000000000000000000000000000000000000000000000000000000000000000000000000000000000000000000000000000000000000000001EF2E3ABB0B289C02427DDEF70674522CC0400000155504353
CPU_REQUEST:31
CPU_SNAPSHOT:799B7F3F0000000000000000000000000000000000000000000000000000000000000000000000000000000000000000000000000000000000000000000000000000000000000000000000000000000000000000000000000000000000000000000000000000001EF2E3ABB0B289C02427DDEF70674522CC0400000155504353
CPU_SNAPSHOT:799B7F3F0000000000000000000000000000000000000000000000000000000000000000000000000000000000000000000000000000000000000000000000000000000000000000000000000000000000000000000000000000000000000000000000000000001EF2E3ABB0B289C02427DDEF70674522CC0400000155504353
CPU_SNAPSHOT:0C04B9A20000000000000000000000000000000000000000000000000000000000000000000000000000000000000000000000000000000000000000000000000000000000000000000000000000000000000000000000000000000000000000000000000000001FF2E3ABB0B289C02427DDEF70674522CC0400000155504353
CPU_SNAPSHOT:0C04B9A20000000000000000000000000000000000000000000000000000000000000000000000000000000000000000000000000000000000000000000000000000000000000000000000000000000000000000000000000000000000000000000000000000001FF2E3ABB0B289C02427DDEF70674522CC0400000155504353
CPU_SNAPSHOT:0C04B9A20000000000000000000000000000000000000000000000000000000000000000000000000000000000000000000000000000000000000000000000000000000000000000000000000000000000000000000000000000000000000000000000000000001FF2E3ABB0B289C02427DDEF70674522CC0400000155504353
CPU_REQUEST:32
CPU_SNAPSHOT:0C04B9A20000000000000000000000000000000000000000000000000000000000000000000000000000000000000000000000000000000000000000000000000000000000000000000000000000000000000000000000000000000000000000000000000000001FF2E3ABB0B289C02427DDEF70674522CC0400000155504353
CPU_SNAPSHOT:0C04B9A20000000000000000000000000000000000000000000000000000000000000000000000000000000000000000000000000000000000000000000000000000000000000000000000000000000000000000000000000000000000000000000000000000001FF2E3ABB0B289C02427DDEF70674522CC0400000155504353
CPU_SNAPSHOT:02F546080000000000000000000000000000000000000000000000000000000000000000000065C30000000000000010000000000000F400000000000000007CFFFFF8077DB5FD560000001068CC3E90000000006FD0B553000101030000B8C60000000000000060F2E3ABB0B289C02427DDEF70674522CC0400000155504353
CPU_SNAPSHOT:02F546080000000000000000000000000000000000000000000000000000000000000000000065C30000000000000010000000000000F400000000000000007CFFFFF8077DB5FD560000001068CC3E90000000006FD0B553000101030000B8C60000000000000060F2E3ABB0B289C02427DDEF70674522CC0400000155504353
CPU_SNAPSHOT:02F546080000000000000000000000000000000000000000000000000000000000000000000065C30000000000000010000000000000F400000000000000007CFFFFF8077DB5FD560000001068CC3E90000000006FD0B553000101030000B8C60000000000000060F2E3ABB0B289C02427DDEF70674522CC0400000155504353
CPU_REQUEST:33
CPU_SNAPSHOT:02F546080000000000000000000000000000000000000000000000000000000000000000000065C30000000000000010000000000000F400000000000000007CFFFFF8077DB5FD560000001068CC3E90000000006FD0B553000101030000B8C60000000000000060F2E3ABB0B289C02427DDEF70674522CC0400000155504353
CPU_SNAPSHOT:02F546080000000000000000000000000000000000000000000000000000000000000000000065C30000000000000010000000000000F400000000000000007CFFFFF8077DB5FD560000001068CC3E90000000006FD0B553000101030000B8C60000000000000060F2E3ABB0B289C02427DDEF70674522CC0400000155504353
CPU_SNAPSHOT:AC6181BB00000000000000000000000000000000000000000000000000000000000000000000000000000000000000000000000000000000000000000000000000000000000000000000000000000000000000000000000000000000000000000000000000000021F2E3ABB0B289C02427DDEF70674522CC0400000155504353
CPU_SNAPSHOT:AC6181BB00000000000000000000000000000000000000000000000000000000000000000000000000000000000000000000000000000000000000000000000000000000000000000000000000000000000000000000000000000000000000000000000000000021F2E3ABB0B289C02427DDEF70674522CC0400000155504353
CPU_SNAPSHOT:AC6181BB00000000000000000000000000000000000000000000000000000000000000000000000000000000000000000000000000000000000000000000000000000000000000000000000000000000000000000000000000000000000000000000000000000021F2E3ABB0B289C02427DDEF70674522CC0400000155504353
CPU_REQUEST:34
CPU_SNAPSHOT:AC6181BB00000000000000000000000000000000000000000000000000000000000000000000000000000000000000000000000000000000000000000000000000000000000000000000000000000000000000000000000000000000000000000000000000000021F2E3ABB0B289C02427DDEF70674522CC0400000155504353
CPU_SNAPSHOT:AC6181BB00000000000000000000000000000000000000000000000000000000000000000000000000000000000000000000000000000000000000000000000000000000000000000000000000000000000000000000000000000000000000000000000000000021F2E3ABB0B289C02427DDEF70674522CC0400000155504353
CPU_SNAPSHOT:32C1CA1C00000000000000000000000000000000000000000000000000000000000000000000000000000000000000000000000000000000000000000000000000000000000000000000000000000000000000000000000000000000000000000000000000000022F2E3ABB0B289C02427DDEF70674522CC0400000155504353
CPU_SNAPSHOT:32C1CA1C00000000000000000000000000000000000000000000000000000000000000000000000000000000000000000000000000000000000000000000000000000000000000000000000000000000000000000000000000000000000000000000000000000022F2E3ABB0B289C02427DDEF70674522CC0400000155504353
CPU_SNAPSHOT:32C1CA1C00000000000000000000000000000000000000000000000000000000000000000000000000000000000000000000000000000000000000000000000000000000000000000000000000000000000000000000000000000000000000000000000000000022F2E3ABB0B289C02427DDEF70674522CC0400000155504353
CPU_REQUEST:35
CPU_SNAPSHOT:32C1CA1C00000000000000000000000000000000000000000000000000000000000000000000000000000000000000000000000000000000000000000000000000000000000000000000000000000000000000000000000000000000000000000000000000000022F2E3ABB0B289C02427DDEF70674522CC0400000155504353
CPU_SNAPSHOT:32C1CA1C00000000000000000000000000000000000000000000000000000000000000000000000000000000000000000000000000000000000000000000000000000000000000000000000000000000000000000000000000000000000000000000000000000022F2E3ABB0B289C02427DDEF70674522CC0400000155504353
CPU_SNAPSHOT:475E0C8100000000000000000000000000000000000000000000000000000000000000000000000000000000000000000000000000000000000000000000000000000000000000000000000000000000000000000000000000000000000000000000000000000023F2E3ABB0B289C02427DDEF70674522CC0400000155504353
CPU_SNAPSHOT:475E0C8100000000000000000000000000000000000000000000000000000000000000000000000000000000000000000000000000000000000000000000000000000000000000000000000000000000000000000000000000000000000000000000000000000023F2E3ABB0B289C02427DDEF70674522CC0400000155504353
CPU_SNAPSHOT:475E0C8100000000000000000000000000000000000000000000000000000000000000000000000000000000000000000000000000000000000000000000000000000000000000000000000000000000000000000000000000000000000000000000000000000023F2E3ABB0B289C02427DDEF70674522CC0400000155504353
CPU_REQUEST:36
CPU_SNAPSHOT:475E0C8100000000000000000000000000000000000000000000000000000000000000000000000000000000000000000000000000000000000000000000000000000000000000000000000000000000000000000000000000000000000000000000000000000023F2E3ABB0B289C02427DDEF70674522CC0400000155504353
CPU_SNAPSHOT:475E0C8100000000000000000000000000000000000000000000000000000000000000000000000000000000000000000000000000000000000000000000000000000000000000000000000000000000000000000000000000000000000000000000000000000023F2E3ABB0B289C02427DDEF70674522CC0400000155504353
CPU_SNAPSHOT:D4F05B1300000000000000000000000000000000000000000000000000000000000000000000000000000000000000000000000000000000000000000000000000000000000000000000000000000000000000000000000000000000000000000000000000000024F2E3ABB0B289C02427DDEF70674522CC0400000155504353
CPU_SNAPSHOT:D4F05B1300000000000000000000000000000000000000000000000000000000000000000000000000000000000000000000000000000000000000000000000000000000000000000000000000000000000000000000000000000000000000000000000000000024F2E3ABB0B289C02427DDEF70674522CC0400000155504353
CPU_SNAPSHOT:D4F05B1300000000000000000000000000000000000000000000000000000000000000000000000000000000000000000000000000000000000000000000000000000000000000000000000000000000000000000000000000000000000000000000000000000024F2E3ABB0B289C02427DDEF70674522CC0400000155504353
CPU_REQUEST:37
CPU_SNAPSHOT:D4F05B1300000000000000000000000000000000000000000000000000000000000000000000000000000000000000000000000000000000000000000000000000000000000000000000000000000000000000000000000000000000000000000000000000000024F2E3ABB0B289C02427DDEF70674522CC0400000155504353
CPU_SNAPSHOT:D4F05B1300000000000000000000000000000000000000000000000000000000000000000000000000000000000000000000000000000000000000000000000000000000000000000000000000000000000000000000000000000000000000000000000000000024F2E3ABB0B289C02427DDEF70674522CC0400000155504353
CPU_SNAPSHOT:A16F9D8E00000000000000000000000000000000000000000000000000000000000000000000000000000000000000000000000000000000000000000000000000000000000000000000000000000000000000000000000000000000000000000000000000000025F2E3ABB0B289C02427DDEF70674522CC0400000155504353
CPU_SNAPSHOT:A16F9D8E00000000000000000000000000000000000000000000000000000000000000000000000000000000000000000000000000000000000000000000000000000000000000000000000000000000000000000000000000000000000000000000000000000025F2E3ABB0B289C02427DDEF70674522CC0400000155504353
CPU_SNAPSHOT:A16F9D8E00000000000000000000000000000000000000000000000000000000000000000000000000000000000000000000000000000000000000000000000000000000000000000000000000000000000000000000000000000000000000000000000000000025F2E3ABB0B289C02427DDEF70674522CC0400000155504353
CPU_REQUEST:38
CPU_SNAPSHOT:A16F9D8E00000000000000000000000000000000000000000000000000000000000000000000000000000000000000000000000000000000000000000000000000000000000000000000000000000000000000000000000000000000000000000000000000000025F2E3ABB0B289C02427DDEF70674522CC0400000155504353
CPU_SNAPSHOT:A16F9D8E00000000000000000000000000000000000000000000000000000000000000000000000000000000000000000000000000000000000000000000000000000000000000000000000000000000000000000000000000000000000000000000000000000025F2E3ABB0B289C02427DDEF70674522CC0400000155504353
CPU_SNAPSHOT:3FCFD62900000000000000000000000000000000000000000000000000000000000000000000000000000000000000000000000000000000000000000000000000000000000000000000000000000000000000000000000000000000000000000000000000000026F2E3ABB0B289C02427DDEF70674522CC0400000155504353
CPU_SNAPSHOT:3FCFD62900000000000000000000000000000000000000000000000000000000000000000000000000000000000000000000000000000000000000000000000000000000000000000000000000000000000000000000000000000000000000000000000000000026F2E3ABB0B289C02427DDEF70674522CC0400000155504353
CPU_SNAPSHOT:3FCFD62900000000000000000000000000000000000000000000000000000000000000000000000000000000000000000000000000000000000000000000000000000000000000000000000000000000000000000000000000000000000000000000000000000026F2E3ABB0B289C02427DDEF70674522CC0400000155504353
CPU_REQUEST:39
CPU_SNAPSHOT:3FCFD62900000000000000000000000000000000000000000000000000000000000000000000000000000000000000000000000000000000000000000000000000000000000000000000000000000000000000000000000000000000000000000000000000000026F2E3ABB0B289C02427DDEF70674522CC0400000155504353
CPU_SNAPSHOT:3FCFD62900000000000000000000000000000000000000000000000000000000000000000000000000000000000000000000000000000000000000000000000000000000000000000000000000000000000000000000000000000000000000000000000000000026F2E3ABB0B289C02427DDEF70674522CC0400000155504353
CPU_SNAPSHOT:4A5010B400000000000000000000000000000000000000000000000000000000000000000000000000000000000000000000000000000000000000000000000000000000000000000000000000000000000000000000000000000000000000000000000000000027F2E3ABB0B289C02427DDEF70674522CC0400000155504353
CPU_SNAPSHOT:4A5010B400000000000000000000000000000000000000000000000000000000000000000000000000000000000000000000000000000000000000000000000000000000000000000000000000000000000000000000000000000000000000000000000000000027F2E3ABB0B289C02427DDEF70674522CC0400000155504353
CPU_SNAPSHOT:4A5010B400000000000000000000000000000000000000000000000000000000000000000000000000000000000000000000000000000000000000000000000000000000000000000000000000000000000000000000000000000000000000000000000000000027F2E3ABB0B289C02427DDEF70674522CC0400000155504353
CPU_REQUEST:40
CPU_SNAPSHOT:4A5010B400000000000000000000000000000000000000000000000000000000000000000000000000000000000000000000000000000000000000000000000000000000000000000000000000000000000000000000000000000000000000000000000000000027F2E3ABB0B289C02427DDEF70674522CC0400000155504353
CPU_SNAPSHOT:4A5010B400000000000000000000000000000000000000000000000000000000000000000000000000000000000000000000000000000000000000000000000000000000000000000000000000000000000000000000000000000000000000000000000000000027F2E3ABB0B289C02427DDEF70674522CC0400000155504353
CPU_SNAPSHOT:C3E27F4C00000000000000000000000000000000000000000000000000000000000000000000000000000000000000000000000000000000000000000000000000000000000000000000000000000000000000000000000000000000000000000000000000000028F2E3ABB0B289C02427DDEF70674522CC0400000155504353
CPU_SNAPSHOT:C3E27F4C00000000000000000000000000000000000000000000000000000000000000000000000000000000000000000000000000000000000000000000000000000000000000000000000000000000000000000000000000000000000000000000000000000028F2E3ABB0B289C02427DDEF70674522CC0400000155504353
CPU_SNAPSHOT:C3E27F4C00000000000000000000000000000000000000000000000000000000000000000000000000000000000000000000000000000000000000000000000000000000000000000000000000000000000000000000000000000000000000000000000000000028F2E3ABB0B289C02427DDEF70674522CC0400000155504353
CPU_REQUEST:41
CPU_SNAPSHOT:C3E27F4C00000000000000000000000000000000000000000000000000000000000000000000000000000000000000000000000000000000000000000000000000000000000000000000000000000000000000000000000000000000000000000000000000000028F2E3ABB0B289C02427DDEF70674522CC0400000155504353
CPU_SNAPSHOT:C3E27F4C00000000000000000000000000000000000000000000000000000000000000000000000000000000000000000000000000000000000000000000000000000000000000000000000000000000000000000000000000000000000000000000000000000028F2E3ABB0B289C02427DDEF70674522CC0400000155504353
CPU_SNAPSHOT:B67DB9D100000000000000000000000000000000000000000000000000000000000000000000000000000000000000000000000000000000000000000000000000000000000000000000000000000000000000000000000000000000000000000000000000000029F2E3ABB0B289C02427DDEF70674522CC0400000155504353
CPU_SNAPSHOT:B67DB9D100000000000000000000000000000000000000000000000000000000000000000000000000000000000000000000000000000000000000000000000000000000000000000000000000000000000000000000000000000000000000000000000000000029F2E3ABB0B289C02427DDEF70674522CC0400000155504353
CPU_SNAPSHOT:B67DB9D100000000000000000000000000000000000000000000000000000000000000000000000000000000000000000000000000000000000000000000000000000000000000000000000000000000000000000000000000000000000000000000000000000029F2E3ABB0B289C02427DDEF70674522CC0400000155504353
CPU_REQUEST:42
CPU_SNAPSHOT:B67DB9D100000000000000000000000000000000000000000000000000000000000000000000000000000000000000000000000000000000000000000000000000000000000000000000000000000000000000000000000000000000000000000000000000000029F2E3ABB0B289C02427DDEF70674522CC0400000155504353
CPU_SNAPSHOT:B67DB9D100000000000000000000000000000000000000000000000000000000000000000000000000000000000000000000000000000000000000000000000000000000000000000000000000000000000000000000000000000000000000000000000000000029F2E3ABB0B289C02427DDEF70674522CC0400000155504353
CPU_SNAPSHOT:28DDF2760000000000000000000000000000000000000000000000000000000000000000000000000000000000000000000000000000000000000000000000000000000000000000000000000000000000000000000000000000000000000000000000000000002AF2E3ABB0B289C02427DDEF70674522CC0400000155504353
CPU_SNAPSHOT:28DDF2760000000000000000000000000000000000000000000000000000000000000000000000000000000000000000000000000000000000000000000000000000000000000000000000000000000000000000000000000000000000000000000000000000002AF2E3ABB0B289C02427DDEF70674522CC0400000155504353
CPU_SNAPSHOT:28DDF2760000000000000000000000000000000000000000000000000000000000000000000000000000000000000000000000000000000000000000000000000000000000000000000000000000000000000000000000000000000000000000000000000000002AF2E3ABB0B289C02427DDEF70674522CC0400000155504353
CPU_REQUEST:43
CPU_SNAPSHOT:28DDF2760000000000000000000000000000000000000000000000000000000000000000000000000000000000000000000000000000000000000000000000000000000000000000000000000000000000000000000000000000000000000000000000000000002AF2E3ABB0B289C02427DDEF70674522CC0400000155504353
CPU_SNAPSHOT:28DDF2760000000000000000000000000000000000000000000000000000000000000000000000000000000000000000000000000000000000000000000000000000000000000000000000000000000000000000000000000000000000000000000000000000002AF2E3ABB0B289C02427DDEF70674522CC0400000155504353
CPU_SNAPSHOT:5D4234EB0000000000000000000000000000000000000000000000000000000000000000000000000000000000000000000000000000000000000000000000000000000000000000000000000000000000000000000000000000000000000000000000000000002BF2E3ABB0B289C02427DDEF70674522CC0400000155504353
CPU_SNAPSHOT:5D4234EB0000000000000000000000000000000000000000000000000000000000000000000000000000000000000000000000000000000000000000000000000000000000000000000000000000000000000000000000000000000000000000000000000000002BF2E3ABB0B289C02427DDEF70674522CC0400000155504353
CPU_SNAPSHOT:5D4234EB0000000000000000000000000000000000000000000000000000000000000000000000000000000000000000000000000000000000000000000000000000000000000000000000000000000000000000000000000000000000000000000000000000002BF2E3ABB0B289C02427DDEF70674522CC0400000155504353
CPU_REQUEST:44
CPU_SNAPSHOT:5D4234EB0000000000000000000000000000000000000000000000000000000000000000000000000000000000000000000000000000000000000000000000000000000000000000000000000000000000000000000000000000000000000000000000000000002BF2E3ABB0B289C02427DDEF70674522CC0400000155504353
CPU_SNAPSHOT:5D4234EB0000000000000000000000000000000000000000000000000000000000000000000000000000000000000000000000000000000000000000000000000000000000000000000000000000000000000000000000000000000000000000000000000000002BF2E3ABB0B289C02427DDEF70674522CC0400000155504353
CPU_SNAPSHOT:CEEC63790000000000000000000000000000000000000000000000000000000000000000000000000000000000000000000000000000000000000000000000000000000000000000000000000000000000000000000000000000000000000000000000000000002CF2E3ABB0B289C02427DDEF70674522CC0400000155504353
CPU_SNAPSHOT:CEEC63790000000000000000000000000000000000000000000000000000000000000000000000000000000000000000000000000000000000000000000000000000000000000000000000000000000000000000000000000000000000000000000000000000002CF2E3ABB0B289C02427DDEF70674522CC0400000155504353
CPU_SNAPSHOT:CEEC63790000000000000000000000000000000000000000000000000000000000000000000000000000000000000000000000000000000000000000000000000000000000000000000000000000000000000000000000000000000000000000000000000000002CF2E3ABB0B289C02427DDEF70674522CC0400000155504353
CPU_REQUEST:45
CPU_SNAPSHOT:CEEC63790000000000000000000000000000000000000000000000000000000000000000000000000000000000000000000000000000000000000000000000000000000000000000000000000000000000000000000000000000000000000000000000000000002CF2E3ABB0B289C02427DDEF70674522CC0400000155504353
CPU_SNAPSHOT:CEEC63790000000000000000000000000000000000000000000000000000000000000000000000000000000000000000000000000000000000000000000000000000000000000000000000000000000000000000000000000000000000000000000000000000002CF2E3ABB0B289C02427DDEF70674522CC0400000155504353
CPU_SNAPSHOT:BB73A5E40000000000000000000000000000000000000000000000000000000000000000000000000000000000000000000000000000000000000000000000000000000000000000000000000000000000000000000000000000000000000000000000000000002DF2E3ABB0B289C02427DDEF70674522CC0400000155504353
CPU_SNAPSHOT:BB73A5E40000000000000000000000000000000000000000000000000000000000000000000000000000000000000000000000000000000000000000000000000000000000000000000000000000000000000000000000000000000000000000000000000000002DF2E3ABB0B289C02427DDEF70674522CC0400000155504353
CPU_SNAPSHOT:BB73A5E40000000000000000000000000000000000000000000000000000000000000000000000000000000000000000000000000000000000000000000000000000000000000000000000000000000000000000000000000000000000000000000000000000002DF2E3ABB0B289C02427DDEF70674522CC0400000155504353
CPU_REQUEST:46
CPU_SNAPSHOT:BB73A5E40000000000000000000000000000000000000000000000000000000000000000000000000000000000000000000000000000000000000000000000000000000000000000000000000000000000000000000000000000000000000000000000000000002DF2E3ABB0B289C02427DDEF70674522CC0400000155504353
CPU_SNAPSHOT:BB73A5E40000000000000000000000000000000000000000000000000000000000000000000000000000000000000000000000000000000000000000000000000000000000000000000000000000000000000000000000000000000000000000000000000000002DF2E3ABB0B289C02427DDEF70674522CC0400000155504353
CPU_SNAPSHOT:25D3EE430000000000000000000000000000000000000000000000000000000000000000000000000000000000000000000000000000000000000000000000000000000000000000000000000000000000000000000000000000000000000000000000000000002EF2E3ABB0B289C02427DDEF70674522CC0400000155504353
CPU_SNAPSHOT:25D3EE430000000000000000000000000000000000000000000000000000000000000000000000000000000000000000000000000000000000000000000000000000000000000000000000000000000000000000000000000000000000000000000000000000002EF2E3ABB0B289C02427DDEF70674522CC0400000155504353
CPU_SNAPSHOT:25D3EE430000000000000000000000000000000000000000000000000000000000000000000000000000000000000000000000000000000000000000000000000000000000000000000000000000000000000000000000000000000000000000000000000000002EF2E3ABB0B289C02427DDEF70674522CC0400000155504353
CPU_REQUEST:47
CPU_SNAPSHOT:25D3EE430000000000000000000000000000000000000000000000000000000000000000000000000000000000000000000000000000000000000000000000000000000000000000000000000000000000000000000000000000000000000000000000000000002EF2E3ABB0B289C02427DDEF70674522CC0400000155504353
CPU_SNAPSHOT:25D3EE430000000000000000000000000000000000000000000000000000000000000000000000000000000000000000000000000000000000000000000000000000000000000000000000000000000000000000000000000000000000000000000000000000002EF2E3ABB0B289C02427DDEF70674522CC0400000155504353
CPU_SNAPSHOT:504C28DE0000000000000000000000000000000000000000000000000000000000000000000000000000000000000000000000000000000000000000000000000000000000000000000000000000000000000000000000000000000000000000000000000000002FF2E3ABB0B289C02427DDEF70674522CC0400000155504353
CPU_SNAPSHOT:504C28DE0000000000000000000000000000000000000000000000000000000000000000000000000000000000000000000000000000000000000000000000000000000000000000000000000000000000000000000000000000000000000000000000000000002FF2E3ABB0B289C02427DDEF70674522CC0400000155504353
CPU_SNAPSHOT:504C28DE0000000000000000000000000000000000000000000000000000000000000000000000000000000000000000000000000000000000000000000000000000000000000000000000000000000000000000000000000000000000000000000000000000002FF2E3ABB0B289C02427DDEF70674522CC0400000155504353
CPU_REQUEST:48
CPU_SNAPSHOT:504C28DE0000000000000000000000000000000000000000000000000000000000000000000000000000000000000000000000000000000000000000000000000000000000000000000000000000000000000000000000000000000000000000000000000000002FF2E3ABB0B289C02427DDEF70674522CC0400000155504353
CPU_SNAPSHOT:504C28DE0000000000000000000000000000000000000000000000000000000000000000000000000000000000000000000000000000000000000000000000000000000000000000000000000000000000000000000000000000000000000000000000000000002FF2E3ABB0B289C02427DDEF70674522CC0400000155504353
CPU_SNAPSHOT:EDC637F200000000000000000000000000000000000000000000000000000000000000000000000000000000000000000000000000000000000000000000000000000000000000000000000000000000000000000000000000000000000000000000000000000030F2E3ABB0B289C02427DDEF70674522CC0400000155504353
CPU_SNAPSHOT:EDC637F200000000000000000000000000000000000000000000000000000000000000000000000000000000000000000000000000000000000000000000000000000000000000000000000000000000000000000000000000000000000000000000000000000030F2E3ABB0B289C02427DDEF70674522CC0400000155504353
CPU_SNAPSHOT:EDC637F200000000000000000000000000000000000000000000000000000000000000000000000000000000000000000000000000000000000000000000000000000000000000000000000000000000000000000000000000000000000000000000000000000030F2E3ABB0B289C02427DDEF70674522CC0400000155504353
CPU_REQUEST:49
CPU_SNAPSHOT:EDC637F200000000000000000000000000000000000000000000000000000000000000000000000000000000000000000000000000000000000000000000000000000000000000000000000000000000000000000000000000000000000000000000000000000030F2E3ABB0B289C02427DDEF70674522CC0400000155504353
CPU_SNAPSHOT:EDC637F200000000000000000000000000000000000000000000000000000000000000000000000000000000000000000000000000000000000000000000000000000000000000000000000000000000000000000000000000000000000000000000000000000030F2E3ABB0B289C02427DDEF70674522CC0400000155504353
CPU_SNAPSHOT:9859F16F00000000000000000000000000000000000000000000000000000000000000000000000000000000000000000000000000000000000000000000000000000000000000000000000000000000000000000000000000000000000000000000000000000031F2E3ABB0B289C02427DDEF70674522CC0400000155504353
CPU_SNAPSHOT:9859F16F00000000000000000000000000000000000000000000000000000000000000000000000000000000000000000000000000000000000000000000000000000000000000000000000000000000000000000000000000000000000000000000000000000031F2E3ABB0B289C02427DDEF70674522CC0400000155504353
CPU_SNAPSHOT:9859F16F00000000000000000000000000000000000000000000000000000000000000000000000000000000000000000000000000000000000000000000000000000000000000000000000000000000000000000000000000000000000000000000000000000031F2E3ABB0B289C02427DDEF70674522CC0400000155504353
CPU_REQUEST:50
CPU_SNAPSHOT:9859F16F00000000000000000000000000000000000000000000000000000000000000000000000000000000000000000000000000000000000000000000000000000000000000000000000000000000000000000000000000000000000000000000000000000031F2E3ABB0B289C02427DDEF70674522CC0400000155504353
CPU_SNAPSHOT:9859F16F00000000000000000000000000000000000000000000000000000000000000000000000000000000000000000000000000000000000000000000000000000000000000000000000000000000000000000000000000000000000000000000000000000031F2E3ABB0B289C02427DDEF70674522CC0400000155504353
CPU_SNAPSHOT:06F9BAC800000000000000000000000000000000000000000000000000000000000000000000000000000000000000000000000000000000000000000000000000000000000000000000000000000000000000000000000000000000000000000000000000000032F2E3ABB0B289C02427DDEF70674522CC0400000155504353
CPU_SNAPSHOT:06F9BAC800000000000000000000000000000000000000000000000000000000000000000000000000000000000000000000000000000000000000000000000000000000000000000000000000000000000000000000000000000000000000000000000000000032F2E3ABB0B289C02427DDEF70674522CC0400000155504353
CPU_SNAPSHOT:06F9BAC800000000000000000000000000000000000000000000000000000000000000000000000000000000000000000000000000000000000000000000000000000000000000000000000000000000000000000000000000000000000000000000000000000032F2E3ABB0B289C02427DDEF70674522CC0400000155504353
CPU_REQUEST:51
CPU_SNAPSHOT:06F9BAC800000000000000000000000000000000000000000000000000000000000000000000000000000000000000000000000000000000000000000000000000000000000000000000000000000000000000000000000000000000000000000000000000000032F2E3ABB0B289C02427DDEF70674522CC0400000155504353
CPU_SNAPSHOT:06F9BAC800000000000000000000000000000000000000000000000000000000000000000000000000000000000000000000000000000000000000000000000000000000000000000000000000000000000000000000000000000000000000000000000000000032F2E3ABB0B289C02427DDEF70674522CC0400000155504353
CPU_SNAPSHOT:73667C5500000000000000000000000000000000000000000000000000000000000000000000000000000000000000000000000000000000000000000000000000000000000000000000000000000000000000000000000000000000000000000000000000000033F2E3ABB0B289C02427DDEF70674522CC0400000155504353
CPU_SNAPSHOT:73667C5500000000000000000000000000000000000000000000000000000000000000000000000000000000000000000000000000000000000000000000000000000000000000000000000000000000000000000000000000000000000000000000000000000033F2E3ABB0B289C02427DDEF70674522CC0400000155504353
CPU_SNAPSHOT:73667C5500000000000000000000000000000000000000000000000000000000000000000000000000000000000000000000000000000000000000000000000000000000000000000000000000000000000000000000000000000000000000000000000000000033F2E3ABB0B289C02427DDEF70674522CC0400000155504353
CPU_REQUEST:52
CPU_SNAPSHOT:73667C5500000000000000000000000000000000000000000000000000000000000000000000000000000000000000000000000000000000000000000000000000000000000000000000000000000000000000000000000000000000000000000000000000000033F2E3ABB0B289C02427DDEF70674522CC0400000155504353
CPU_SNAPSHOT:73667C5500000000000000000000000000000000000000000000000000000000000000000000000000000000000000000000000000000000000000000000000000000000000000000000000000000000000000000000000000000000000000000000000000000033F2E3ABB0B289C02427DDEF70674522CC0400000155504353
CPU_SNAPSHOT:E0C82BC700000000000000000000000000000000000000000000000000000000000000000000000000000000000000000000000000000000000000000000000000000000000000000000000000000000000000000000000000000000000000000000000000000034F2E3ABB0B289C02427DDEF70674522CC0400000155504353
CPU_SNAPSHOT:E0C82BC700000000000000000000000000000000000000000000000000000000000000000000000000000000000000000000000000000000000000000000000000000000000000000000000000000000000000000000000000000000000000000000000000000034F2E3ABB0B289C02427DDEF70674522CC0400000155504353
CPU_SNAPSHOT:E0C82BC700000000000000000000000000000000000000000000000000000000000000000000000000000000000000000000000000000000000000000000000000000000000000000000000000000000000000000000000000000000000000000000000000000034F2E3ABB0B289C02427DDEF70674522CC0400000155504353
CPU_REQUEST:53
CPU_SNAPSHOT:E0C82BC700000000000000000000000000000000000000000000000000000000000000000000000000000000000000000000000000000000000000000000000000000000000000000000000000000000000000000000000000000000000000000000000000000034F2E3ABB0B289C02427DDEF70674522CC0400000155504353
CPU_SNAPSHOT:E0C82BC700000000000000000000000000000000000000000000000000000000000000000000000000000000000000000000000000000000000000000000000000000000000000000000000000000000000000000000000000000000000000000000000000000034F2E3ABB0B289C02427DDEF70674522CC0400000155504353
CPU_SNAPSHOT:9557ED5A00000000000000000000000000000000000000000000000000000000000000000000000000000000000000000000000000000000000000000000000000000000000000000000000000000000000000000000000000000000000000000000000000000035F2E3ABB0B289C02427DDEF70674522CC0400000155504353
CPU_SNAPSHOT:9557ED5A00000000000000000000000000000000000000000000000000000000000000000000000000000000000000000000000000000000000000000000000000000000000000000000000000000000000000000000000000000000000000000000000000000035F2E3ABB0B289C02427DDEF70674522CC0400000155504353
CPU_SNAPSHOT:9557ED5A00000000000000000000000000000000000000000000000000000000000000000000000000000000000000000000000000000000000000000000000000000000000000000000000000000000000000000000000000000000000000000000000000000035F2E3ABB0B289C02427DDEF70674522CC0400000155504353
CPU_REQUEST:54
CPU_SNAPSHOT:9557ED5A00000000000000000000000000000000000000000000000000000000000000000000000000000000000000000000000000000000000000000000000000000000000000000000000000000000000000000000000000000000000000000000000000000035F2E3ABB0B289C02427DDEF70674522CC0400000155504353
CPU_SNAPSHOT:9557ED5A00000000000000000000000000000000000000000000000000000000000000000000000000000000000000000000000000000000000000000000000000000000000000000000000000000000000000000000000000000000000000000000000000000035F2E3ABB0B289C02427DDEF70674522CC0400000155504353
CPU_SNAPSHOT:0BF7A6FD00000000000000000000000000000000000000000000000000000000000000000000000000000000000000000000000000000000000000000000000000000000000000000000000000000000000000000000000000000000000000000000000000000036F2E3ABB0B289C02427DDEF70674522CC0400000155504353
CPU_SNAPSHOT:0BF7A6FD00000000000000000000000000000000000000000000000000000000000000000000000000000000000000000000000000000000000000000000000000000000000000000000000000000000000000000000000000000000000000000000000000000036F2E3ABB0B289C02427DDEF70674522CC0400000155504353
CPU_SNAPSHOT:0BF7A6FD00000000000000000000000000000000000000000000000000000000000000000000000000000000000000000000000000000000000000000000000000000000000000000000000000000000000000000000000000000000000000000000000000000036F2E3ABB0B289C02427DDEF70674522CC0400000155504353
CPU_REQUEST:55
CPU_SNAPSHOT:0BF7A6FD00000000000000000000000000000000000000000000000000000000000000000000000000000000000000000000000000000000000000000000000000000000000000000000000000000000000000000000000000000000000000000000000000000036F2E3ABB0B289C02427DDEF70674522CC0400000155504353
CPU_SNAPSHOT:0BF7A6FD00000000000000000000000000000000000000000000000000000000000000000000000000000000000000000000000000000000000000000000000000000000000000000000000000000000000000000000000000000000000000000000000000000036F2E3ABB0B289C02427DDEF70674522CC0400000155504353
CPU_SNAPSHOT:7E68606000000000000000000000000000000000000000000000000000000000000000000000000000000000000000000000000000000000000000000000000000000000000000000000000000000000000000000000000000000000000000000000000000000037F2E3ABB0B289C02427DDEF70674522CC0400000155504353
CPU_SNAPSHOT:7E68606000000000000000000000000000000000000000000000000000000000000000000000000000000000000000000000000000000000000000000000000000000000000000000000000000000000000000000000000000000000000000000000000000000037F2E3ABB0B289C02427DDEF70674522CC0400000155504353
CPU_SNAPSHOT:7E68606000000000000000000000000000000000000000000000000000000000000000000000000000000000000000000000000000000000000000000000000000000000000000000000000000000000000000000000000000000000000000000000000000000037F2E3ABB0B289C02427DDEF70674522CC0400000155504353
CPU_REQUEST:56
CPU_SNAPSHOT:7E68606000000000000000000000000000000000000000000000000000000000000000000000000000000000000000000000000000000000000000000000000000000000000000000000000000000000000000000000000000000000000000000000000000000037F2E3ABB0B289C02427DDEF70674522CC0400000155504353
CPU_SNAPSHOT:7E68606000000000000000000000000000000000000000000000000000000000000000000000000000000000000000000000000000000000000000000000000000000000000000000000000000000000000000000000000000000000000000000000000000000037F2E3ABB0B289C02427DDEF70674522CC0400000155504353
CPU_SNAPSHOT:F7DA0F9800000000000000000000000000000000000000000000000000000000000000000000000000000000000000000000000000000000000000000000000000000000000000000000000000000000000000000000000000000000000000000000000000000038F2E3ABB0B289C02427DDEF70674522CC0400000155504353
CPU_SNAPSHOT:F7DA0F9800000000000000000000000000000000000000000000000000000000000000000000000000000000000000000000000000000000000000000000000000000000000000000000000000000000000000000000000000000000000000000000000000000038F2E3ABB0B289C02427DDEF70674522CC0400000155504353
CPU_SNAPSHOT:F7DA0F9800000000000000000000000000000000000000000000000000000000000000000000000000000000000000000000000000000000000000000000000000000000000000000000000000000000000000000000000000000000000000000000000000000038F2E3ABB0B289C02427DDEF70674522CC0400000155504353
CPU_REQUEST:57
CPU_SNAPSHOT:F7DA0F9800000000000000000000000000000000000000000000000000000000000000000000000000000000000000000000000000000000000000000000000000000000000000000000000000000000000000000000000000000000000000000000000000000038F2E3ABB0B289C02427DDEF70674522CC0400000155504353
CPU_SNAPSHOT:F7DA0F9800000000000000000000000000000000000000000000000000000000000000000000000000000000000000000000000000000000000000000000000000000000000000000000000000000000000000000000000000000000000000000000000000000038F2E3ABB0B289C02427DDEF70674522CC0400000155504353
CPU_SNAPSHOT:8245C90500000000000000000000000000000000000000000000000000000000000000000000000000000000000000000000000000000000000000000000000000000000000000000000000000000000000000000000000000000000000000000000000000000039F2E3ABB0B289C02427DDEF70674522CC0400000155504353
CPU_SNAPSHOT:8245C90500000000000000000000000000000000000000000000000000000000000000000000000000000000000000000000000000000000000000000000000000000000000000000000000000000000000000000000000000000000000000000000000000000039F2E3ABB0B289C02427DDEF70674522CC0400000155504353
CPU_SNAPSHOT:8245C90500000000000000000000000000000000000000000000000000000000000000000000000000000000000000000000000000000000000000000000000000000000000000000000000000000000000000000000000000000000000000000000000000000039F2E3ABB0B289C02427DDEF70674522CC0400000155504353
CPU_REQUEST:58
CPU_SNAPSHOT:8245C90500000000000000000000000000000000000000000000000000000000000000000000000000000000000000000000000000000000000000000000000000000000000000000000000000000000000000000000000000000000000000000000000000000039F2E3ABB0B289C02427DDEF70674522CC0400000155504353
CPU_SNAPSHOT:8245C90500000000000000000000000000000000000000000000000000000000000000000000000000000000000000000000000000000000000000000000000000000000000000000000000000000000000000000000000000000000000000000000000000000039F2E3ABB0B289C02427DDEF70674522CC0400000155504353
CPU_SNAPSHOT:1CE582A20000000000000000000000000000000000000000000000000000000000000000000000000000000000000000000000000000000000000000000000000000000000000000000000000000000000000000000000000000000000000000000000000000003AF2E3ABB0B289C02427DDEF70674522CC0400000155504353
CPU_SNAPSHOT:1CE582A20000000000000000000000000000000000000000000000000000000000000000000000000000000000000000000000000000000000000000000000000000000000000000000000000000000000000000000000000000000000000000000000000000003AF2E3ABB0B289C02427DDEF70674522CC0400000155504353
CPU_SNAPSHOT:1CE582A20000000000000000000000000000000000000000000000000000000000000000000000000000000000000000000000000000000000000000000000000000000000000000000000000000000000000000000000000000000000000000000000000000003AF2E3ABB0B289C02427DDEF70674522CC0400000155504353
CPU_REQUEST:59
CPU_SNAPSHOT:1CE582A20000000000000000000000000000000000000000000000000000000000000000000000000000000000000000000000000000000000000000000000000000000000000000000000000000000000000000000000000000000000000000000000000000003AF2E3ABB0B289C02427DDEF70674522CC0400000155504353
CPU_SNAPSHOT:1CE582A20000000000000000000000000000000000000000000000000000000000000000000000000000000000000000000000000000000000000000000000000000000000000000000000000000000000000000000000000000000000000000000000000000003AF2E3ABB0B289C02427DDEF70674522CC0400000155504353
CPU_SNAPSHOT:697A443F0000000000000000000000000000000000000000000000000000000000000000000000000000000000000000000000000000000000000000000000000000000000000000000000000000000000000000000000000000000000000000000000000000003BF2E3ABB0B289C02427DDEF70674522CC0400000155504353
CPU_SNAPSHOT:697A443F0000000000000000000000000000000000000000000000000000000000000000000000000000000000000000000000000000000000000000000000000000000000000000000000000000000000000000000000000000000000000000000000000000003BF2E3ABB0B289C02427DDEF70674522CC0400000155504353
CPU_SNAPSHOT:697A443F0000000000000000000000000000000000000000000000000000000000000000000000000000000000000000000000000000000000000000000000000000000000000000000000000000000000000000000000000000000000000000000000000000003BF2E3ABB0B289C02427DDEF70674522CC0400000155504353
CPU_REQUEST:60
CPU_SNAPSHOT:697A443F0000000000000000000000000000000000000000000000000000000000000000000000000000000000000000000000000000000000000000000000000000000000000000000000000000000000000000000000000000000000000000000000000000003BF2E3ABB0B289C02427DDEF70674522CC0400000155504353
CPU_SNAPSHOT:697A443F0000000000000000000000000000000000000000000000000000000000000000000000000000000000000000000000000000000000000000000000000000000000000000000000000000000000000000000000000000000000000000000000000000003BF2E3ABB0B289C02427DDEF70674522CC0400000155504353
CPU_SNAPSHOT:FAD413AD0000000000000000000000000000000000000000000000000000000000000000000000000000000000000000000000000000000000000000000000000000000000000000000000000000000000000000000000000000000000000000000000000000003CF2E3ABB0B289C02427DDEF70674522CC0400000155504353
CPU_SNAPSHOT:FAD413AD0000000000000000000000000000000000000000000000000000000000000000000000000000000000000000000000000000000000000000000000000000000000000000000000000000000000000000000000000000000000000000000000000000003CF2E3ABB0B289C02427DDEF70674522CC0400000155504353
CPU_SNAPSHOT:FAD413AD0000000000000000000000000000000000000000000000000000000000000000000000000000000000000000000000000000000000000000000000000000000000000000000000000000000000000000000000000000000000000000000000000000003CF2E3ABB0B289C02427DDEF70674522CC0400000155504353
CPU_REQUEST:61
CPU_SNAPSHOT:FAD413AD0000000000000000000000000000000000000000000000000000000000000000000000000000000000000000000000000000000000000000000000000000000000000000000000000000000000000000000000000000000000000000000000000000003CF2E3ABB0B289C02427DDEF70674522CC0400000155504353
CPU_SNAPSHOT:FAD413AD0000000000000000000000000000000000000000000000000000000000000000000000000000000000000000000000000000000000000000000000000000000000000000000000000000000000000000000000000000000000000000000000000000003CF2E3ABB0B289C02427DDEF70674522CC0400000155504353
CPU_SNAPSHOT:8F4BD5300000000000000000000000000000000000000000000000000000000000000000000000000000000000000000000000000000000000000000000000000000000000000000000000000000000000000000000000000000000000000000000000000000003DF2E3ABB0B289C02427DDEF70674522CC0400000155504353
CPU_SNAPSHOT:8F4BD5300000000000000000000000000000000000000000000000000000000000000000000000000000000000000000000000000000000000000000000000000000000000000000000000000000000000000000000000000000000000000000000000000000003DF2E3ABB0B289C02427DDEF70674522CC0400000155504353
CPU_SNAPSHOT:8F4BD5300000000000000000000000000000000000000000000000000000000000000000000000000000000000000000000000000000000000000000000000000000000000000000000000000000000000000000000000000000000000000000000000000000003DF2E3ABB0B289C02427DDEF70674522CC0400000155504353
CPU_REQUEST:62
CPU_SNAPSHOT:8F4BD5300000000000000000000000000000000000000000000000000000000000000000000000000000000000000000000000000000000000000000000000000000000000000000000000000000000000000000000000000000000000000000000000000000003DF2E3ABB0B289C02427DDEF70674522CC0400000155504353
CPU_SNAPSHOT:8F4BD5300000000000000000000000000000000000000000000000000000000000000000000000000000000000000000000000000000000000000000000000000000000000000000000000000000000000000000000000000000000000000000000000000000003DF2E3ABB0B289C02427DDEF70674522CC0400000155504353
CPU_SNAPSHOT:11EB9E970000000000000000000000000000000000000000000000000000000000000000000000000000000000000000000000000000000000000000000000000000000000000000000000000000000000000000000000000000000000000000000000000000003EF2E3ABB0B289C02427DDEF70674522CC0400000155504353
CPU_SNAPSHOT:11EB9E970000000000000000000000000000000000000000000000000000000000000000000000000000000000000000000000000000000000000000000000000000000000000000000000000000000000000000000000000000000000000000000000000000003EF2E3ABB0B289C02427DDEF70674522CC0400000155504353
CPU_SNAPSHOT:11EB9E970000000000000000000000000000000000000000000000000000000000000000000000000000000000000000000000000000000000000000000000000000000000000000000000000000000000000000000000000000000000000000000000000000003EF2E3ABB0B289C02427DDEF70674522CC0400000155504353
CPU_REQUEST:63
CPU_SNAPSHOT:11EB9E970000000000000000000000000000000000000000000000000000000000000000000000000000000000000000000000000000000000000000000000000000000000000000000000000000000000000000000000000000000000000000000000000000003EF2E3ABB0B289C02427DDEF70674522CC0400000155504353
CPU_SNAPSHOT:11EB9E970000000000000000000000000000000000000000000000000000000000000000000000000000000000000000000000000000000000000000000000000000000000000000000000000000000000000000000000000000000000000000000000000000003EF2E3ABB0B289C02427DDEF70674522CC0400000155504353
CPU_SNAPSHOT:6474580A0000000000000000000000000000000000000000000000000000000000000000000000000000000000000000000000000000000000000000000000000000000000000000000000000000000000000000000000000000000000000000000000000000003FF2E3ABB0B289C02427DDEF70674522CC0400000155504353
CPU_SNAPSHOT:6474580A0000000000000000000000000000000000000000000000000000000000000000000000000000000000000000000000000000000000000000000000000000000000000000000000000000000000000000000000000000000000000000000000000000003FF2E3ABB0B289C02427DDEF70674522CC0400000155504353
CPU_SNAPSHOT:6474580A0000000000000000000000000000000000000000000000000000000000000000000000000000000000000000000000000000000000000000000000000000000000000000000000000000000000000000000000000000000000000000000000000000003FF2E3ABB0B289C02427DDEF70674522CC0400000155504353
shutdown command invoked
